Component: ARM Compiler 5.06 update 3 (build 300) Tool: armlink [4d35c9]

==============================================================================

Section Cross References

    main.o(.text) refers to _printf_percent.o(.ARM.Collect$$_printf_percent$$00000000) for _printf_percent
    main.o(.text) refers to _printf_f.o(.ARM.Collect$$_printf_percent$$00000003) for _printf_f
    main.o(.text) refers to printf1.o(x$fpl$printf1) for _printf_fp_dec
    main.o(.text) refers to _printf_d.o(.ARM.Collect$$_printf_percent$$00000009) for _printf_d
    main.o(.text) refers to _printf_dec.o(.text) for _printf_int_dec
    main.o(.text) refers to _printf_x.o(.ARM.Collect$$_printf_percent$$0000000C) for _printf_x
    main.o(.text) refers to _printf_hex_int_ll_ptr.o(.text) for _printf_longlong_hex
    main.o(.text) refers to _printf_s.o(.ARM.Collect$$_printf_percent$$00000014) for _printf_s
    main.o(.text) refers to _printf_str.o(.text) for _printf_str
    main.o(.text) refers to _printf_c.o(.ARM.Collect$$_printf_percent$$00000013) for _printf_c
    main.o(.text) refers to stm32f4xx_rcc.o(.text) for RCC_APB1PeriphClockCmd
    main.o(.text) refers to misc.o(.text) for NVIC_PriorityGroupConfig
    main.o(.text) refers to delay.o(.text) for delay_init
    main.o(.text) refers to led.o(.text) for LED_Init
    main.o(.text) refers to oled.o(.text) for OLED_Init
    main.o(.text) refers to ld3320.o(.text) for LD3320_Init
    main.o(.text) refers to i2s.o(.text) for I2S_GPIO_Init
    main.o(.text) refers to __2printf.o(.text) for __2printf
    main.o(.text) refers to __2sprintf.o(.text) for __2sprintf
    main.o(.text) refers to strlen.o(.text) for strlen
    main.o(.text) refers to mqtt.o(.text) for MQTT_PublishQs0
    main.o(.text) refers to usart.o(.text) for uart_init
    main.o(.text) refers to timer.o(.text) for TIM3_Int_Init
    main.o(.text) refers to wifi.o(.text) for WiFi_ResetIO_Init
    main.o(.text) refers to strstr.o(.text) for strstr
    main.o(.text) refers to fft.o(.bss) for fall_pot
    main.o(.text) refers to main.o(.data) for nAsrStatus
    main.o(.text) refers to main.o(.conststring) for .conststring
    main.o(.text) refers to mqtt.o(.data) for Connect_flag
    main.o(.text) refers to mqtt.o(.bss) for MQTT_TxDataBuf
    main.o(.text) refers to stm32f4xx_tim.o(.text) for TIM_Cmd
    main.o(.text) refers to rt_memclr.o(.text) for __aeabi_memclr
    main.o(.text) refers to usart.o(.data) for Usart2_RxCounter
    main.o(.text) refers to usart.o(.bss) for Usart2_RxBuff
    stm32f4xx_it.o(.text) refers to stm32f4xx_tim.o(.text) for TIM_GetITStatus
    stm32f4xx_it.o(.text) refers to rt_memcpy_v6.o(.text) for __aeabi_memcpy
    stm32f4xx_it.o(.text) refers to mqtt.o(.text) for MQTT_PingREQ
    stm32f4xx_it.o(.text) refers to timer.o(.text) for TIM5_ENABLE_2S
    stm32f4xx_it.o(.text) refers to main.o(.text) for TempHumi_State
    stm32f4xx_it.o(.text) refers to stm32f4xx_usart.o(.text) for USART_GetITStatus
    stm32f4xx_it.o(.text) refers to usart.o(.data) for Usart2_RxCounter
    stm32f4xx_it.o(.text) refers to usart.o(.bss) for Usart2_RxBuff
    stm32f4xx_it.o(.text) refers to mqtt.o(.data) for MQTT_RxDataInPtr
    stm32f4xx_it.o(.text) refers to mqtt.o(.bss) for MQTT_RxDataBuf
    system_stm32f4xx.o(.text) refers to system_stm32f4xx.o(.data) for SystemCoreClock
    led.o(.text) refers to stm32f4xx_rcc.o(.text) for RCC_AHB1PeriphClockCmd
    led.o(.text) refers to stm32f4xx_gpio.o(.text) for GPIO_Init
    oled.o(.text) refers to stm32f4xx_rcc.o(.text) for RCC_AHB1PeriphClockCmd
    oled.o(.text) refers to stm32f4xx_gpio.o(.text) for GPIO_Init
    oled.o(.text) refers to oled.o(.bss) for OLED_GRAM
    oled.o(.text) refers to oled.o(.constdata) for asc2_1206
    oled.o(.text) refers to delay.o(.text) for delay_ms
    ld3320.o(.text) refers to _printf_percent.o(.ARM.Collect$$_printf_percent$$00000000) for _printf_percent
    ld3320.o(.text) refers to _printf_d.o(.ARM.Collect$$_printf_percent$$00000009) for _printf_d
    ld3320.o(.text) refers to _printf_dec.o(.text) for _printf_int_dec
    ld3320.o(.text) refers to _printf_x.o(.ARM.Collect$$_printf_percent$$0000000C) for _printf_x
    ld3320.o(.text) refers to _printf_hex_int_ll_ptr.o(.text) for _printf_longlong_hex
    ld3320.o(.text) refers to stm32f4xx_rcc.o(.text) for RCC_APB2PeriphClockCmd
    ld3320.o(.text) refers to stm32f4xx_gpio.o(.text) for GPIO_Init
    ld3320.o(.text) refers to stm32f4xx_syscfg.o(.text) for SYSCFG_EXTILineConfig
    ld3320.o(.text) refers to stm32f4xx_exti.o(.text) for EXTI_Init
    ld3320.o(.text) refers to misc.o(.text) for NVIC_Init
    ld3320.o(.text) refers to ff.o(.text) for f_read
    ld3320.o(.text) refers to delay.o(.text) for delay_us
    ld3320.o(.text) refers to ld3320.o(.data) for nMp3Pos
    ld3320.o(.text) refers to ld3320.o(.bss) for fsrc
    ld3320.o(.text) refers to main.o(.data) for nAsrStatus
    ld3320.o(.text) refers to __2printf.o(.text) for __2printf
[...]
    GUI_CmpPointColor                        0x08009359   Thumb Code    38  gui_basic.o(.text)
    GUI_FloodFill                            0x0800937f   Thumb Code   822  gui_basic.o(.text)
    GUI_Arc4                                 0x080096b5   Thumb Code   598  gui_basic.o(.text)
    GUI_Arc                                  0x0800990b   Thumb Code  1156  gui_basic.o(.text)
    GUI_Pieslice                             0x08009d8f   Thumb Code  1284  gui_basic.o(.text)
    GUI_Initialize                           0x0800a293   Thumb Code     8  lcmdrv.o(.text)
    GUI_FillSCR                              0x0800a29b   Thumb Code    22  lcmdrv.o(.text)
    GUI_ClearSCR                             0x0800a2b1   Thumb Code     8  lcmdrv.o(.text)
    GUI_Point                                0x0800a2b9   Thumb Code    20  lcmdrv.o(.text)
    GUI_ReadPoint                            0x0800a2cd   Thumb Code     6  lcmdrv.o(.text)
    GUI_HLine                                0x0800a2d3   Thumb Code    46  lcmdrv.o(.text)
    GUI_RLine                                0x0800a301   Thumb Code    46  lcmdrv.o(.text)
    GUI_Exec                                 0x0800a32f   Thumb Code     8  lcmdrv.o(.text)
    utils_hmac_md5                           0x0800a339   Thumb Code   232  utils_hmac.o(.text)
    utils_hmac_sha1                          0x0800a421   Thumb Code   232  utils_hmac.o(.text)
    base64_decode                            0x0800a509   Thumb Code   262  utils_hmac.o(.text)
    utils_md5_init                           0x0800a62b   Thumb Code    14  utils_md5.o(.text)
    utils_md5_free                           0x0800a639   Thumb Code    20  utils_md5.o(.text)
    utils_md5_clone                          0x0800a64d   Thumb Code    18  utils_md5.o(.text)
    utils_md5_starts                         0x0800a65f   Thumb Code    26  utils_md5.o(.text)
    utils_md5_process                        0x0800a679   Thumb Code  2326  utils_md5.o(.text)
    utils_md5_update                         0x0800af8f   Thumb Code   124  utils_md5.o(.text)
    utils_md5_finish                         0x0800b00b   Thumb Code   206  utils_md5.o(.text)
    utils_md5                                0x0800b0d9   Thumb Code    50  utils_md5.o(.text)
    utils_hb2hex                             0x0800b10b   Thumb Code    24  utils_md5.o(.text)
    utils_sha1_init                          0x0800b13f   Thumb Code    14  utils_sha1.o(.text)
    utils_sha1_free                          0x0800b14d   Thumb Code    20  utils_sha1.o(.text)
    utils_sha1_clone                         0x0800b161   Thumb Code    18  utils_sha1.o(.text)
    utils_sha1_starts                        0x0800b173   Thumb Code    30  utils_sha1.o(.text)
    utils_sha1_process                       0x0800b191   Thumb Code  6442  utils_sha1.o(.text)
    utils_sha1_update                        0x0800cabb   Thumb Code   124  utils_sha1.o(.text)
    utils_sha1_finish                        0x0800cb37   Thumb Code   228  utils_sha1.o(.text)
    utils_sha1                               0x0800cc1b   Thumb Code    50  utils_sha1.o(.text)
    NVIC_PriorityGroupConfig                 0x0800cc55   Thumb Code    10  misc.o(.text)
    NVIC_Init                                0x0800cc5f   Thumb Code   106  misc.o(.text)
    NVIC_SetVectorTable                      0x0800ccc9   Thumb Code    14  misc.o(.text)
    NVIC_SystemLPConfig                      0x0800ccd7   Thumb Code    34  misc.o(.text)
    SysTick_CLKSourceConfig                  0x0800ccf9   Thumb Code    40  misc.o(.text)
    GPIO_DeInit                              0x0800cd35   Thumb Code   268  stm32f4xx_gpio.o(.text)
    GPIO_Init                                0x0800ce41   Thumb Code   144  stm32f4xx_gpio.o(.text)
    GPIO_StructInit                          0x0800ced1   Thumb Code    18  stm32f4xx_gpio.o(.text)
    GPIO_PinLockConfig                       0x0800cee3   Thumb Code    34  stm32f4xx_gpio.o(.text)
    GPIO_ReadInputDataBit                    0x0800cf05   Thumb Code    18  stm32f4xx_gpio.o(.text)
    GPIO_ReadInputData                       0x0800cf17   Thumb Code     8  stm32f4xx_gpio.o(.text)
    GPIO_ReadOutputDataBit                   0x0800cf1f   Thumb Code    18  stm32f4xx_gpio.o(.text)
    GPIO_ReadOutputData                      0x0800cf31   Thumb Code     8  stm32f4xx_gpio.o(.text)
    GPIO_SetBits                             0x0800cf39   Thumb Code     4  stm32f4xx_gpio.o(.text)
    GPIO_ResetBits                           0x0800cf3d   Thumb Code     4  stm32f4xx_gpio.o(.text)
    GPIO_WriteBit                            0x0800cf41   Thumb Code    10  stm32f4xx_gpio.o(.text)
    GPIO_Write                               0x0800cf4b   Thumb Code     4  stm32f4xx_gpio.o(.text)
    GPIO_ToggleBits                          0x0800cf4f   Thumb Code     8  stm32f4xx_gpio.o(.text)
    GPIO_PinAFConfig                         0x0800cf57   Thumb Code    70  stm32f4xx_gpio.o(.text)
    RCC_DeInit                               0x0800cfc9   Thumb Code    82  stm32f4xx_rcc.o(.text)
    RCC_HSEConfig                            0x0800d01b   Thumb Code    14  stm32f4xx_rcc.o(.text)
    RCC_GetFlagStatus                        0x0800d029   Thumb Code    60  stm32f4xx_rcc.o(.text)
    RCC_WaitForHSEStartUp                    0x0800d065   Thumb Code    56  stm32f4xx_rcc.o(.text)
    RCC_AdjustHSICalibrationValue            0x0800d09d   Thumb Code    20  stm32f4xx_rcc.o(.text)
    RCC_HSICmd                               0x0800d0b1   Thumb Code     6  stm32f4xx_rcc.o(.text)
    RCC_LSEConfig                            0x0800d0b7   Thumb Code    46  stm32f4xx_rcc.o(.text)
    RCC_LSICmd                               0x0800d0e5   Thumb Code     6  stm32f4xx_rcc.o(.text)
    RCC_PLLConfig                            0x0800d0eb   Thumb Code    32  stm32f4xx_rcc.o(.text)
    RCC_PLLCmd                               0x0800d10b   Thumb Code     6  stm32f4xx_rcc.o(.text)
    RCC_PLLI2SConfig                         0x0800d111   Thumb Code    14  stm32f4xx_rcc.o(.text)
    RCC_PLLI2SCmd                            0x0800d11f   Thumb Code     6  stm32f4xx_rcc.o(.text)
    RCC_PLLSAIConfig                         0x0800d125   Thumb Code    20  stm32f4xx_rcc.o(.text)
    RCC_PLLSAICmd                            0x0800d139   Thumb Code     6  stm32f4xx_rcc.o(.text)
    RCC_ClockSecuritySystemCmd               0x0800d13f   Thumb Code     6  stm32f4xx_rcc.o(.text)
    RCC_MCO1Config                           0x0800d145   Thumb Code    28  stm32f4xx_rcc.o(.text)
    RCC_MCO2Config                           0x0800d161   Thumb Code    28  stm32f4xx_rcc.o(.text)
    RCC_SYSCLKConfig                         0x0800d17d   Thumb Code    20  stm32f4xx_rcc.o(.text)
    RCC_GetSYSCLKSource                      0x0800d191   Thumb Code    12  stm32f4xx_rcc.o(.text)
    RCC_HCLKConfig                           0x0800d19d   Thumb Code    20  stm32f4xx_rcc.o(.text)
    RCC_PCLK1Config                          0x0800d1b1   Thumb Code    20  stm32f4xx_rcc.o(.text)
    RCC_PCLK2Config                          0x0800d1c5   Thumb Code    22  stm32f4xx_rcc.o(.text)
    RCC_GetClocksFreq                        0x0800d1db   Thumb Code   222  stm32f4xx_rcc.o(.text)
    RCC_RTCCLKConfig                         0x0800d2b9   Thumb Code    54  stm32f4xx_rcc.o(.text)
    RCC_RTCCLKCmd                            0x0800d2ef   Thumb Code     8  stm32f4xx_rcc.o(.text)
    RCC_BackupResetCmd                       0x0800d2f7   Thumb Code     8  stm32f4xx_rcc.o(.text)
    RCC_I2SCLKConfig                         0x0800d2ff   Thumb Code     6  stm32f4xx_rcc.o(.text)
    RCC_SAIPLLI2SClkDivConfig                0x0800d305   Thumb Code    26  stm32f4xx_rcc.o(.text)
    RCC_SAIPLLSAIClkDivConfig                0x0800d31f   Thumb Code    28  stm32f4xx_rcc.o(.text)
    RCC_SAIBlockACLKConfig                   0x0800d33b   Thumb Code    20  stm32f4xx_rcc.o(.text)
    RCC_SAIBlockBCLKConfig                   0x0800d34f   Thumb Code    20  stm32f4xx_rcc.o(.text)
    RCC_LTDCCLKDivConfig                     0x0800d363   Thumb Code    20  stm32f4xx_rcc.o(.text)
    RCC_TIMCLKPresConfig                     0x0800d377   Thumb Code     6  stm32f4xx_rcc.o(.text)
    RCC_AHB1PeriphClockCmd                   0x0800d37d   Thumb Code    34  stm32f4xx_rcc.o(.text)
    RCC_AHB2PeriphClockCmd                   0x0800d39f   Thumb Code    78  stm32f4xx_rcc.o(.text)
    RCC_AHB3PeriphClockCmd                   0x0800d3ed   Thumb Code    34  stm32f4xx_rcc.o(.text)
    RCC_APB1PeriphClockCmd                   0x0800d40f   Thumb Code    34  stm32f4xx_rcc.o(.text)
    RCC_APB2PeriphClockCmd                   0x0800d431   Thumb Code    34  stm32f4xx_rcc.o(.text)
    RCC_AHB1PeriphResetCmd                   0x0800d453   Thumb Code    34  stm32f4xx_rcc.o(.text)
    RCC_AHB2PeriphResetCmd                   0x0800d475   Thumb Code    34  stm32f4xx_rcc.o(.text)
    RCC_AHB3PeriphResetCmd                   0x0800d497   Thumb Code    34  stm32f4xx_rcc.o(.text)
    RCC_APB1PeriphResetCmd                   0x0800d4b9   Thumb Code    34  stm32f4xx_rcc.o(.text)
    RCC_APB2PeriphResetCmd                   0x0800d4db   Thumb Code    34  stm32f4xx_rcc.o(.text)
    RCC_AHB1PeriphClockLPModeCmd             0x0800d4fd   Thumb Code    34  stm32f4xx_rcc.o(.text)
    RCC_AHB2PeriphClockLPModeCmd             0x0800d51f   Thumb Code    34  stm32f4xx_rcc.o(.text)
    RCC_AHB3PeriphClockLPModeCmd             0x0800d541   Thumb Code    34  stm32f4xx_rcc.o(.text)
    RCC_APB1PeriphClockLPModeCmd             0x0800d563   Thumb Code    34  stm32f4xx_rcc.o(.text)
    RCC_APB2PeriphClockLPModeCmd             0x0800d585   Thumb Code    34  stm32f4xx_rcc.o(.text)
    RCC_LSEModeConfig                        0x0800d5a7   Thumb Code    40  stm32f4xx_rcc.o(.text)
    RCC_ITConfig                             0x0800d5cf   Thumb Code    34  stm32f4xx_rcc.o(.text)
    RCC_ClearFlag                            0x0800d5f1   Thumb Code    18  stm32f4xx_rcc.o(.text)
    RCC_GetITStatus                          0x0800d603   Thumb Code    22  stm32f4xx_rcc.o(.text)
    RCC_ClearITPendingBit                    0x0800d619   Thumb Code     8  stm32f4xx_rcc.o(.text)
    USART_DeInit                             0x0800d625   Thumb Code   206  stm32f4xx_usart.o(.text)
    USART_Init                               0x0800d6f3   Thumb Code   204  stm32f4xx_usart.o(.text)
    USART_StructInit                         0x0800d7bf   Thumb Code    24  stm32f4xx_usart.o(.text)
    USART_ClockInit                          0x0800d7d7   Thumb Code    32  stm32f4xx_usart.o(.text)
    USART_ClockStructInit                    0x0800d7f7   Thumb Code    12  stm32f4xx_usart.o(.text)
    USART_Cmd                                0x0800d803   Thumb Code    24  stm32f4xx_usart.o(.text)
    USART_SetPrescaler                       0x0800d81b   Thumb Code    16  stm32f4xx_usart.o(.text)
    USART_OverSampling8Cmd                   0x0800d82b   Thumb Code    22  stm32f4xx_usart.o(.text)
    USART_OneBitMethodCmd                    0x0800d841   Thumb Code    24  stm32f4xx_usart.o(.text)
    USART_SendData                           0x0800d859   Thumb Code     8  stm32f4xx_usart.o(.text)
    USART_ReceiveData                        0x0800d861   Thumb Code    10  stm32f4xx_usart.o(.text)
    USART_SetAddress                         0x0800d86b   Thumb Code    18  stm32f4xx_usart.o(.text)
    USART_ReceiverWakeUpCmd                  0x0800d87d   Thumb Code    24  stm32f4xx_usart.o(.text)
    USART_WakeUpConfig                       0x0800d895   Thumb Code    18  stm32f4xx_usart.o(.text)
    USART_LINBreakDetectLengthConfig         0x0800d8a7   Thumb Code    18  stm32f4xx_usart.o(.text)
    USART_LINCmd                             0x0800d8b9   Thumb Code    24  stm32f4xx_usart.o(.text)
    USART_SendBreak                          0x0800d8d1   Thumb Code    10  stm32f4xx_usart.o(.text)
    USART_HalfDuplexCmd                      0x0800d8db   Thumb Code    24  stm32f4xx_usart.o(.text)
    USART_SetGuardTime                       0x0800d8f3   Thumb Code    16  stm32f4xx_usart.o(.text)
    USART_SmartCardCmd                       0x0800d903   Thumb Code    24  stm32f4xx_usart.o(.text)
    USART_SmartCardNACKCmd                   0x0800d91b   Thumb Code    24  stm32f4xx_usart.o(.text)
    USART_IrDAConfig                         0x0800d933   Thumb Code    18  stm32f4xx_usart.o(.text)
    USART_IrDACmd                            0x0800d945   Thumb Code    24  stm32f4xx_usart.o(.text)
    USART_DMACmd                             0x0800d95d   Thumb Code    18  stm32f4xx_usart.o(.text)
    USART_ITConfig                           0x0800d96f   Thumb Code    74  stm32f4xx_usart.o(.text)
    USART_GetFlagStatus                      0x0800d9b9   Thumb Code    26  stm32f4xx_usart.o(.text)
    USART_ClearFlag                          0x0800d9d3   Thumb Code    18  stm32f4xx_usart.o(.text)
    USART_GetITStatus                        0x0800d9e5   Thumb Code   118  stm32f4xx_usart.o(.text)
    USART_ClearITPendingBit                  0x0800da5b   Thumb Code    30  stm32f4xx_usart.o(.text)
    SYSCFG_DeInit                            0x0800da79   Thumb Code    22  stm32f4xx_syscfg.o(.text)
    SYSCFG_MemoryRemapConfig                 0x0800da8f   Thumb Code     6  stm32f4xx_syscfg.o(.text)
    SYSCFG_MemorySwappingBank                0x0800da95   Thumb Code     6  stm32f4xx_syscfg.o(.text)
    SYSCFG_EXTILineConfig                    0x0800da9b   Thumb Code    66  stm32f4xx_syscfg.o(.text)
    SYSCFG_ETH_MediaInterfaceConfig          0x0800dadd   Thumb Code     8  stm32f4xx_syscfg.o(.text)
    SYSCFG_CompensationCellCmd               0x0800dae5   Thumb Code     6  stm32f4xx_syscfg.o(.text)
    SYSCFG_GetCompensationCellStatus         0x0800daeb   Thumb Code    22  stm32f4xx_syscfg.o(.text)
    EXTI_DeInit                              0x0800db0d   Thumb Code    28  stm32f4xx_exti.o(.text)
    EXTI_Init                                0x0800db29   Thumb Code   142  stm32f4xx_exti.o(.text)
    EXTI_StructInit                          0x0800dbb7   Thumb Code    16  stm32f4xx_exti.o(.text)
    EXTI_GenerateSWInterrupt                 0x0800dbc7   Thumb Code    16  stm32f4xx_exti.o(.text)
    EXTI_GetFlagStatus                       0x0800dbd7   Thumb Code    22  stm32f4xx_exti.o(.text)
    EXTI_ClearFlag                           0x0800dbed   Thumb Code     8  stm32f4xx_exti.o(.text)
    EXTI_GetITStatus                         0x0800dbf5   Thumb Code    22  stm32f4xx_exti.o(.text)
    EXTI_ClearITPendingBit                   0x0800dc0b   Thumb Code     8  stm32f4xx_exti.o(.text)
    SPI_I2S_DeInit                           0x0800dc1d   Thumb Code   152  stm32f4xx_spi.o(.text)
    SPI_Init                                 0x0800dcb5   Thumb Code    60  stm32f4xx_spi.o(.text)
    I2S_Init                                 0x0800dcf1   Thumb Code   396  stm32f4xx_spi.o(.text)
    SPI_StructInit                           0x0800de7d   Thumb Code    24  stm32f4xx_spi.o(.text)
    I2S_StructInit                           0x0800de95   Thumb Code    20  stm32f4xx_spi.o(.text)
    SPI_Cmd                                  0x0800dea9   Thumb Code    24  stm32f4xx_spi.o(.text)
    I2S_Cmd                                  0x0800dec1   Thumb Code    24  stm32f4xx_spi.o(.text)
    SPI_DataSizeConfig                       0x0800ded9   Thumb Code    18  stm32f4xx_spi.o(.text)
    SPI_BiDirectionalLineConfig              0x0800deeb   Thumb Code    28  stm32f4xx_spi.o(.text)
    SPI_NSSInternalSoftwareConfig            0x0800df07   Thumb Code    30  stm32f4xx_spi.o(.text)
    SPI_SSOutputCmd                          0x0800df25   Thumb Code    24  stm32f4xx_spi.o(.text)
    SPI_TIModeCmd                            0x0800df3d   Thumb Code    24  stm32f4xx_spi.o(.text)
    I2S_FullDuplexConfig                     0x0800df55   Thumb Code    80  stm32f4xx_spi.o(.text)
    SPI_I2S_ReceiveData                      0x0800dfa5   Thumb Code     6  stm32f4xx_spi.o(.text)
    SPI_I2S_SendData                         0x0800dfab   Thumb Code     4  stm32f4xx_spi.o(.text)
    SPI_CalculateCRC                         0x0800dfaf   Thumb Code    24  stm32f4xx_spi.o(.text)
    SPI_TransmitCRC                          0x0800dfc7   Thumb Code    10  stm32f4xx_spi.o(.text)
    SPI_GetCRC                               0x0800dfd1   Thumb Code    16  stm32f4xx_spi.o(.text)
    SPI_GetCRCPolynomial                     0x0800dfe1   Thumb Code     6  stm32f4xx_spi.o(.text)
    SPI_I2S_DMACmd                           0x0800dfe7   Thumb Code    18  stm32f4xx_spi.o(.text)
    SPI_I2S_ITConfig                         0x0800dff9   Thumb Code    68  stm32f4xx_spi.o(.text)
    SPI_I2S_GetFlagStatus                    0x0800e03d   Thumb Code    18  stm32f4xx_spi.o(.text)
    SPI_I2S_ClearFlag                        0x0800e04f   Thumb Code     6  stm32f4xx_spi.o(.text)
    SPI_I2S_GetITStatus                      0x0800e055   Thumb Code    52  stm32f4xx_spi.o(.text)
    SPI_I2S_ClearITPendingBit                0x0800e089   Thumb Code    20  stm32f4xx_spi.o(.text)
    DMA_DeInit                               0x0800e09d   Thumb Code   324  stm32f4xx_dma.o(.text)
    DMA_Init                                 0x0800e1e1   Thumb Code    82  stm32f4xx_dma.o(.text)
    DMA_StructInit                           0x0800e233   Thumb Code    34  stm32f4xx_dma.o(.text)
    DMA_Cmd                                  0x0800e255   Thumb Code    22  stm32f4xx_dma.o(.text)
    DMA_PeriphIncOffsetSizeConfig            0x0800e26b   Thumb Code    22  stm32f4xx_dma.o(.text)
    DMA_FlowControllerConfig                 0x0800e281   Thumb Code    22  stm32f4xx_dma.o(.text)
    DMA_SetCurrDataCounter                   0x0800e297   Thumb Code     4  stm32f4xx_dma.o(.text)
    DMA_GetCurrDataCounter                   0x0800e29b   Thumb Code     8  stm32f4xx_dma.o(.text)
    DMA_DoubleBufferModeConfig               0x0800e2a3   Thumb Code    24  stm32f4xx_dma.o(.text)
    DMA_DoubleBufferModeCmd                  0x0800e2bb   Thumb Code    22  stm32f4xx_dma.o(.text)
    DMA_MemoryTargetConfig                   0x0800e2d1   Thumb Code    10  stm32f4xx_dma.o(.text)
    DMA_GetCurrentMemoryTarget               0x0800e2db   Thumb Code    20  stm32f4xx_dma.o(.text)
    DMA_GetCmdStatus                         0x0800e2ef   Thumb Code    20  stm32f4xx_dma.o(.text)
    DMA_GetFIFOStatus                        0x0800e303   Thumb Code    12  stm32f4xx_dma.o(.text)
    DMA_GetFlagStatus                        0x0800e30f   Thumb Code    56  stm32f4xx_dma.o(.text)
    DMA_ClearFlag                            0x0800e347   Thumb Code    40  stm32f4xx_dma.o(.text)
    DMA_ITConfig                             0x0800e36f   Thumb Code    58  stm32f4xx_dma.o(.text)
    DMA_GetITStatus                          0x0800e3a9   Thumb Code    84  stm32f4xx_dma.o(.text)
    DMA_ClearITPendingBit                    0x0800e3fd   Thumb Code    40  stm32f4xx_dma.o(.text)
    TIM_DeInit                               0x0800e445   Thumb Code   346  stm32f4xx_tim.o(.text)
    TIM_TimeBaseInit                         0x0800e59f   Thumb Code   104  stm32f4xx_tim.o(.text)
    TIM_TimeBaseStructInit                   0x0800e607   Thumb Code    18  stm32f4xx_tim.o(.text)
    TIM_PrescalerConfig                      0x0800e619   Thumb Code     6  stm32f4xx_tim.o(.text)
    TIM_CounterModeConfig                    0x0800e61f   Thumb Code    18  stm32f4xx_tim.o(.text)
    TIM_SetCounter                           0x0800e631   Thumb Code     4  stm32f4xx_tim.o(.text)
    TIM_SetAutoreload                        0x0800e635   Thumb Code     4  stm32f4xx_tim.o(.text)
    TIM_GetCounter                           0x0800e639   Thumb Code     6  stm32f4xx_tim.o(.text)
    TIM_GetPrescaler                         0x0800e63f   Thumb Code     6  stm32f4xx_tim.o(.text)
    TIM_UpdateDisableConfig                  0x0800e645   Thumb Code    24  stm32f4xx_tim.o(.text)
    TIM_UpdateRequestConfig                  0x0800e65d   Thumb Code    24  stm32f4xx_tim.o(.text)
    TIM_ARRPreloadConfig                     0x0800e675   Thumb Code    24  stm32f4xx_tim.o(.text)
    TIM_SelectOnePulseMode                   0x0800e68d   Thumb Code    18  stm32f4xx_tim.o(.text)
    TIM_SetClockDivision                     0x0800e69f   Thumb Code    18  stm32f4xx_tim.o(.text)
    TIM_Cmd                                  0x0800e6b1   Thumb Code    24  stm32f4xx_tim.o(.text)
    TIM_OC1Init                              0x0800e6c9   Thumb Code   114  stm32f4xx_tim.o(.text)
    TIM_OC2Init                              0x0800e73b   Thumb Code   154  stm32f4xx_tim.o(.text)
    TIM_OC3Init                              0x0800e7d5   Thumb Code   204  stm32f4xx_tim.o(.text)
    TIM_OC4Init                              0x0800e8a1   Thumb Code   112  stm32f4xx_tim.o(.text)
    TIM_OCStructInit                         0x0800e911   Thumb Code    20  stm32f4xx_tim.o(.text)
    TIM_SelectOCxM                           0x0800e925   Thumb Code    86  stm32f4xx_tim.o(.text)
    TIM_SetCompare1                          0x0800e97b   Thumb Code     4  stm32f4xx_tim.o(.text)
    TIM_SetCompare2                          0x0800e97f   Thumb Code     4  stm32f4xx_tim.o(.text)
    TIM_SetCompare3                          0x0800e983   Thumb Code     4  stm32f4xx_tim.o(.text)
    TIM_SetCompare4                          0x0800e987   Thumb Code     4  stm32f4xx_tim.o(.text)
    TIM_ForcedOC1Config                      0x0800e98b   Thumb Code    18  stm32f4xx_tim.o(.text)
    TIM_ForcedOC2Config                      0x0800e99d   Thumb Code    26  stm32f4xx_tim.o(.text)
    TIM_ForcedOC3Config                      0x0800e9b7   Thumb Code    18  stm32f4xx_tim.o(.text)
    TIM_ForcedOC4Config                      0x0800e9c9   Thumb Code    26  stm32f4xx_tim.o(.text)
    TIM_OC1PreloadConfig                     0x0800e9e3   Thumb Code    18  stm32f4xx_tim.o(.text)
    TIM_OC2PreloadConfig                     0x0800e9f5   Thumb Code    26  stm32f4xx_tim.o(.text)
    TIM_OC3PreloadConfig                     0x0800ea0f   Thumb Code    18  stm32f4xx_tim.o(.text)
    TIM_OC4PreloadConfig                     0x0800ea21   Thumb Code    26  stm32f4xx_tim.o(.text)
    TIM_OC1FastConfig                        0x0800ea3b   Thumb Code    18  stm32f4xx_tim.o(.text)
    TIM_OC2FastConfig                        0x0800ea4d   Thumb Code    26  stm32f4xx_tim.o(.text)
    TIM_OC3FastConfig                        0x0800ea67   Thumb Code    18  stm32f4xx_tim.o(.text)
    TIM_OC4FastConfig                        0x0800ea79   Thumb Code    26  stm32f4xx_tim.o(.text)
    TIM_ClearOC1Ref                          0x0800ea93   Thumb Code    18  stm32f4xx_tim.o(.text)
    TIM_ClearOC2Ref                          0x0800eaa5   Thumb Code    24  stm32f4xx_tim.o(.text)
    TIM_ClearOC3Ref                          0x0800eabd   Thumb Code    18  stm32f4xx_tim.o(.text)
    TIM_ClearOC4Ref                          0x0800eacf   Thumb Code    24  stm32f4xx_tim.o(.text)
    TIM_OC1PolarityConfig                    0x0800eae7   Thumb Code    18  stm32f4xx_tim.o(.text)
    TIM_OC1NPolarityConfig                   0x0800eaf9   Thumb Code    18  stm32f4xx_tim.o(.text)
    TIM_OC2PolarityConfig                    0x0800eb0b   Thumb Code    26  stm32f4xx_tim.o(.text)
    TIM_OC2NPolarityConfig                   0x0800eb25   Thumb Code    26  stm32f4xx_tim.o(.text)
    TIM_OC3PolarityConfig                    0x0800eb3f   Thumb Code    26  stm32f4xx_tim.o(.text)
    TIM_OC3NPolarityConfig                   0x0800eb59   Thumb Code    26  stm32f4xx_tim.o(.text)
    TIM_OC4PolarityConfig                    0x0800eb73   Thumb Code    26  stm32f4xx_tim.o(.text)
    TIM_CCxCmd                               0x0800eb8d   Thumb Code    30  stm32f4xx_tim.o(.text)
    TIM_CCxNCmd                              0x0800ebab   Thumb Code    30  stm32f4xx_tim.o(.text)
    TIM_SetIC4Prescaler                      0x0800ebc9   Thumb Code    26  stm32f4xx_tim.o(.text)
    TIM_SetIC3Prescaler                      0x0800ec33   Thumb Code    18  stm32f4xx_tim.o(.text)
    TIM_SetIC2Prescaler                      0x0800ec8d   Thumb Code    26  stm32f4xx_tim.o(.text)
    TIM_SetIC1Prescaler                      0x0800ed01   Thumb Code    18  stm32f4xx_tim.o(.text)
    TIM_ICInit                               0x0800ed4d   Thumb Code   110  stm32f4xx_tim.o(.text)
    TIM_ICStructInit                         0x0800edbb   Thumb Code    18  stm32f4xx_tim.o(.text)
    TIM_PWMIConfig                           0x0800edcd   Thumb Code   124  stm32f4xx_tim.o(.text)
    TIM_GetCapture1                          0x0800ee49   Thumb Code     6  stm32f4xx_tim.o(.text)
    TIM_GetCapture2                          0x0800ee4f   Thumb Code     6  stm32f4xx_tim.o(.text)
    TIM_GetCapture3                          0x0800ee55   Thumb Code     6  stm32f4xx_tim.o(.text)
    TIM_GetCapture4                          0x0800ee5b   Thumb Code     6  stm32f4xx_tim.o(.text)
    TIM_BDTRConfig                           0x0800ee61   Thumb Code    32  stm32f4xx_tim.o(.text)
    TIM_BDTRStructInit                       0x0800ee81   Thumb Code    18  stm32f4xx_tim.o(.text)
    TIM_CtrlPWMOutputs                       0x0800ee93   Thumb Code    30  stm32f4xx_tim.o(.text)
    TIM_SelectCOM                            0x0800eeb1   Thumb Code    24  stm32f4xx_tim.o(.text)
    TIM_CCPreloadControl                     0x0800eec9   Thumb Code    24  stm32f4xx_tim.o(.text)
    TIM_ITConfig                             0x0800eee1   Thumb Code    18  stm32f4xx_tim.o(.text)
    TIM_GenerateEvent                        0x0800eef3   Thumb Code     4  stm32f4xx_tim.o(.text)
    TIM_GetFlagStatus                        0x0800eef7   Thumb Code    18  stm32f4xx_tim.o(.text)
    TIM_ClearFlag                            0x0800ef09   Thumb Code     6  stm32f4xx_tim.o(.text)
    TIM_GetITStatus                          0x0800ef0f   Thumb Code    34  stm32f4xx_tim.o(.text)
    TIM_ClearITPendingBit                    0x0800ef31   Thumb Code     6  stm32f4xx_tim.o(.text)
    TIM_DMAConfig                            0x0800ef37   Thumb Code    10  stm32f4xx_tim.o(.text)
    TIM_DMACmd                               0x0800ef41   Thumb Code    18  stm32f4xx_tim.o(.text)
    TIM_SelectCCDMA                          0x0800ef53   Thumb Code    24  stm32f4xx_tim.o(.text)
    TIM_InternalClockConfig                  0x0800ef6b   Thumb Code    12  stm32f4xx_tim.o(.text)
    TIM_SelectInputTrigger                   0x0800ef77   Thumb Code    18  stm32f4xx_tim.o(.text)
    TIM_ITRxExternalClockConfig              0x0800ef89   Thumb Code    24  stm32f4xx_tim.o(.text)
    TIM_TIxExternalClockConfig               0x0800efa1   Thumb Code    62  stm32f4xx_tim.o(.text)
    TIM_ETRConfig                            0x0800efdf   Thumb Code    28  stm32f4xx_tim.o(.text)
    TIM_ETRClockMode1Config                  0x0800effb   Thumb Code    54  stm32f4xx_tim.o(.text)
    TIM_ETRClockMode2Config                  0x0800f031   Thumb Code    32  stm32f4xx_tim.o(.text)
    TIM_SelectOutputTrigger                  0x0800f051   Thumb Code    18  stm32f4xx_tim.o(.text)
    TIM_SelectSlaveMode                      0x0800f063   Thumb Code    18  stm32f4xx_tim.o(.text)
    TIM_SelectMasterSlaveMode                0x0800f075   Thumb Code    18  stm32f4xx_tim.o(.text)
    TIM_EncoderInterfaceConfig               0x0800f087   Thumb Code    66  stm32f4xx_tim.o(.text)
    TIM_SelectHallSensor                     0x0800f0c9   Thumb Code    24  stm32f4xx_tim.o(.text)
    TIM_RemapConfig                          0x0800f0e1   Thumb Code     6  stm32f4xx_tim.o(.text)
    Reset_Handler                            0x0800f0e9   Thumb Code     8  startup_stm32f40_41xxx.o(.text)
    ADC_IRQHandler                           0x0800f103   Thumb Code     0  startup_stm32f40_41xxx.o(.text)
    CAN1_RX0_IRQHandler                      0x0800f103   Thumb Code     0  startup_stm32f40_41xxx.o(.text)
    CAN1_RX1_IRQHandler                      0x0800f103   Thumb Code     0  startup_stm32f40_41xxx.o(.text)
    CAN1_SCE_IRQHandler                      0x0800f103   Thumb Code     0  startup_stm32f40_41xxx.o(.text)
    CAN1_TX_IRQHandler                       0x0800f103   Thumb Code     0  startup_stm32f40_41xxx.o(.text)
    CAN2_RX0_IRQHandler                      0x0800f103   Thumb Code     0  startup_stm32f40_41xxx.o(.text)
    CAN2_RX1_IRQHandler                      0x0800f103   Thumb Code     0  startup_stm32f40_41xxx.o(.text)
    CAN2_SCE_IRQHandler                      0x0800f103   Thumb Code     0  startup_stm32f40_41xxx.o(.text)
    CAN2_TX_IRQHandler                       0x0800f103   Thumb Code     0  startup_stm32f40_41xxx.o(.text)
    CRYP_IRQHandler                          0x0800f103   Thumb Code     0  startup_stm32f40_41xxx.o(.text)
    DCMI_IRQHandler                          0x0800f103   Thumb Code     0  startup_stm32f40_41xxx.o(.text)
    DMA1_Stream0_IRQHandler                  0x0800f103   Thumb Code     0  startup_stm32f40_41xxx.o(.text)
    DMA1_Stream1_IRQHandler                  0x0800f103   Thumb Code     0  startup_stm32f40_41xxx.o(.text)
    DMA1_Stream2_IRQHandler                  0x0800f103   Thumb Code     0  startup_stm32f40_41xxx.o(.text)
    DMA1_Stream5_IRQHandler                  0x0800f103   Thumb Code     0  startup_stm32f40_41xxx.o(.text)
    DMA1_Stream6_IRQHandler                  0x0800f103   Thumb Code     0  startup_stm32f40_41xxx.o(.text)
    DMA1_Stream7_IRQHandler                  0x0800f103   Thumb Code     0  startup_stm32f40_41xxx.o(.text)
    DMA2_Stream0_IRQHandler                  0x0800f103   Thumb Code     0  startup_stm32f40_41xxx.o(.text)
    DMA2_Stream1_IRQHandler                  0x0800f103   Thumb Code     0  startup_stm32f40_41xxx.o(.text)
    DMA2_Stream2_IRQHandler                  0x0800f103   Thumb Code     0  startup_stm32f40_41xxx.o(.text)
    DMA2_Stream3_IRQHandler                  0x0800f103   Thumb Code     0  startup_stm32f40_41xxx.o(.text)
    DMA2_Stream4_IRQHandler                  0x0800f103   Thumb Code     0  startup_stm32f40_41xxx.o(.text)
    DMA2_Stream5_IRQHandler                  0x0800f103   Thumb Code     0  startup_stm32f40_41xxx.o(.text)
    DMA2_Stream6_IRQHandler                  0x0800f103   Thumb Code     0  startup_stm32f40_41xxx.o(.text)
    DMA2_Stream7_IRQHandler                  0x0800f103   Thumb Code     0  startup_stm32f40_41xxx.o(.text)
    ETH_IRQHandler                           0x0800f103   Thumb Code     0  startup_stm32f40_41xxx.o(.text)
    ETH_WKUP_IRQHandler                      0x0800f103   Thumb Code     0  startup_stm32f40_41xxx.o(.text)
    EXTI15_10_IRQHandler                     0x0800f103   Thumb Code     0  startup_stm32f40_41xxx.o(.text)
    EXTI1_IRQHandler                         0x0800f103   Thumb Code     0  startup_stm32f40_41xxx.o(.text)
    EXTI2_IRQHandler                         0x0800f103   Thumb Code     0  startup_stm32f40_41xxx.o(.text)
    EXTI3_IRQHandler                         0x0800f103   Thumb Code     0  startup_stm32f40_41xxx.o(.text)
    EXTI4_IRQHandler                         0x0800f103   Thumb Code     0  startup_stm32f40_41xxx.o(.text)
    EXTI9_5_IRQHandler                       0x0800f103   Thumb Code     0  startup_stm32f40_41xxx.o(.text)
    FLASH_IRQHandler                         0x0800f103   Thumb Code     0  startup_stm32f40_41xxx.o(.text)
    FPU_IRQHandler                           0x0800f103   Thumb Code     0  startup_stm32f40_41xxx.o(.text)
    FSMC_IRQHandler                          0x0800f103   Thumb Code     0  startup_stm32f40_41xxx.o(.text)
    HASH_RNG_IRQHandler                      0x0800f103   Thumb Code     0  startup_stm32f40_41xxx.o(.text)
    I2C1_ER_IRQHandler                       0x0800f103   Thumb Code     0  startup_stm32f40_41xxx.o(.text)
    I2C1_EV_IRQHandler                       0x0800f103   Thumb Code     0  startup_stm32f40_41xxx.o(.text)
    I2C2_ER_IRQHandler                       0x0800f103   Thumb Code     0  startup_stm32f40_41xxx.o(.text)
    I2C2_EV_IRQHandler                       0x0800f103   Thumb Code     0  startup_stm32f40_41xxx.o(.text)
    I2C3_ER_IRQHandler                       0x0800f103   Thumb Code     0  startup_stm32f40_41xxx.o(.text)
    I2C3_EV_IRQHandler                       0x0800f103   Thumb Code     0  startup_stm32f40_41xxx.o(.text)
    OTG_FS_IRQHandler                        0x0800f103   Thumb Code     0  startup_stm32f40_41xxx.o(.text)
    OTG_FS_WKUP_IRQHandler                   0x0800f103   Thumb Code     0  startup_stm32f40_41xxx.o(.text)
    OTG_HS_EP1_IN_IRQHandler                 0x0800f103   Thumb Code     0  startup_stm32f40_41xxx.o(.text)
    OTG_HS_EP1_OUT_IRQHandler                0x0800f103   Thumb Code     0  startup_stm32f40_41xxx.o(.text)
    OTG_HS_IRQHandler                        0x0800f103   Thumb Code     0  startup_stm32f40_41xxx.o(.text)
    OTG_HS_WKUP_IRQHandler                   0x0800f103   Thumb Code     0  startup_stm32f40_41xxx.o(.text)
    PVD_IRQHandler                           0x0800f103   Thumb Code     0  startup_stm32f40_41xxx.o(.text)
    RCC_IRQHandler                           0x0800f103   Thumb Code     0  startup_stm32f40_41xxx.o(.text)
    RTC_Alarm_IRQHandler                     0x0800f103   Thumb Code     0  startup_stm32f40_41xxx.o(.text)
    RTC_WKUP_IRQHandler                      0x0800f103   Thumb Code     0  startup_stm32f40_41xxx.o(.text)
    SDIO_IRQHandler                          0x0800f103   Thumb Code     0  startup_stm32f40_41xxx.o(.text)
    SPI1_IRQHandler                          0x0800f103   Thumb Code     0  startup_stm32f40_41xxx.o(.text)
    SPI2_IRQHandler                          0x0800f103   Thumb Code     0  startup_stm32f40_41xxx.o(.text)
    SPI3_IRQHandler                          0x0800f103   Thumb Code     0  startup_stm32f40_41xxx.o(.text)
    TAMP_STAMP_IRQHandler                    0x0800f103   Thumb Code     0  startup_stm32f40_41xxx.o(.text)
    TIM1_BRK_TIM9_IRQHandler                 0x0800f103   Thumb Code     0  startup_stm32f40_41xxx.o(.text)
    TIM1_CC_IRQHandler                       0x0800f103   Thumb Code     0  startup_stm32f40_41xxx.o(.text)
    TIM1_TRG_COM_TIM11_IRQHandler            0x0800f103   Thumb Code     0  startup_stm32f40_41xxx.o(.text)
    TIM1_UP_TIM10_IRQHandler                 0x0800f103   Thumb Code     0  startup_stm32f40_41xxx.o(.text)
    TIM7_IRQHandler                          0x0800f103   Thumb Code     0  startup_stm32f40_41xxx.o(.text)
    TIM8_BRK_TIM12_IRQHandler                0x0800f103   Thumb Code     0  startup_stm32f40_41xxx.o(.text)
    TIM8_CC_IRQHandler                       0x0800f103   Thumb Code     0  startup_stm32f40_41xxx.o(.text)
    TIM8_TRG_COM_TIM14_IRQHandler            0x0800f103   Thumb Code     0  startup_stm32f40_41xxx.o(.text)
    TIM8_UP_TIM13_IRQHandler                 0x0800f103   Thumb Code     0  startup_stm32f40_41xxx.o(.text)
    UART4_IRQHandler                         0x0800f103   Thumb Code     0  startup_stm32f40_41xxx.o(.text)
    UART5_IRQHandler                         0x0800f103   Thumb Code     0  startup_stm32f40_41xxx.o(.text)
    USART3_IRQHandler                        0x0800f103   Thumb Code     0  startup_stm32f40_41xxx.o(.text)
    USART6_IRQHandler                        0x0800f103   Thumb Code     0  startup_stm32f40_41xxx.o(.text)
    WWDG_IRQHandler                          0x0800f103   Thumb Code     0  startup_stm32f40_41xxx.o(.text)
    __user_initial_stackheap                 0x0800f105   Thumb Code     0  startup_stm32f40_41xxx.o(.text)
    __use_no_semihosting                     0x0800f129   Thumb Code     2  use_no_semi_2.o(.text)
    __c89vsprintf                            0x0800f12d   Thumb Code    32  c89vsprintf.o(.text)
    __2printf                                0x0800f151   Thumb Code    20  __2printf.o(.text)
    __2sprintf                               0x0800f169   Thumb Code    38  __2sprintf.o(.text)
    _printf_str                              0x0800f195   Thumb Code    82  _printf_str.o(.text)
    _printf_int_dec                          0x0800f1e9   Thumb Code   104  _printf_dec.o(.text)
    _printf_longlong_hex                     0x0800f261   Thumb Code    86  _printf_hex_int_ll_ptr.o(.text)
    _printf_int_hex                          0x0800f2b7   Thumb Code    28  _printf_hex_int_ll_ptr.o(.text)
    _printf_ll_hex                           0x0800f2d3   Thumb Code    12  _printf_hex_int_ll_ptr.o(.text)
    _printf_hex_ptr                          0x0800f2df   Thumb Code    18  _printf_hex_int_ll_ptr.o(.text)
    __printf                                 0x0800f2f5   Thumb Code   388  __printf_flags_ss_wp.o(.text)
    strstr                                   0x0800f47d   Thumb Code    36  strstr.o(.text)
    strlen                                   0x0800f4a1   Thumb Code    62  strlen.o(.text)
    __aeabi_memcpy                           0x0800f4df   Thumb Code     0  rt_memcpy_v6.o(.text)
    __rt_memcpy                              0x0800f4df   Thumb Code   138  rt_memcpy_v6.o(.text)
    _memcpy_lastbytes                        0x0800f545   Thumb Code     0  rt_memcpy_v6.o(.text)
    __aeabi_memcpy4                          0x0800f569   Thumb Code     0  rt_memcpy_w.o(.text)
    __aeabi_memcpy8                          0x0800f569   Thumb Code     0  rt_memcpy_w.o(.text)
    __rt_memcpy_w                            0x0800f569   Thumb Code   100  rt_memcpy_w.o(.text)
    _memcpy_lastbytes_aligned                0x0800f5b1   Thumb Code     0  rt_memcpy_w.o(.text)
    __aeabi_memset                           0x0800f5cd   Thumb Code    16  aeabi_memset.o(.text)
    __aeabi_memclr                           0x0800f5dd   Thumb Code     0  rt_memclr.o(.text)
    __rt_memclr                              0x0800f5dd   Thumb Code    68  rt_memclr.o(.text)
    _memset                                  0x0800f5e1   Thumb Code     0  rt_memclr.o(.text)
    __aeabi_memclr4                          0x0800f621   Thumb Code     0  rt_memclr_w.o(.text)
    __aeabi_memclr8                          0x0800f621   Thumb Code     0  rt_memclr_w.o(.text)
    __rt_memclr_w                            0x0800f621   Thumb Code    78  rt_memclr_w.o(.text)
    _memset_w                                0x0800f625   Thumb Code     0  rt_memclr_w.o(.text)
    strcmp                                   0x0800f671   Thumb Code   128  strcmpv7m.o(.text)
    __use_two_region_memory                  0x0800f6f1   Thumb Code     2  heapauxi.o(.text)
    __rt_heap_escrow$2region                 0x0800f6f3   Thumb Code     2  heapauxi.o(.text)
    __rt_heap_expand$2region                 0x0800f6f5   Thumb Code     2  heapauxi.o(.text)
    __I$use$semihosting                      0x0800f6f7   Thumb Code     0  use_no_semi.o(.text)
    __use_no_semihosting_swi                 0x0800f6f7   Thumb Code     2  use_no_semi.o(.text)
    __read_errno                             0x0800f6f9   Thumb Code    10  _rserrno.o(.text)
    __set_errno                              0x0800f703   Thumb Code    12  _rserrno.o(.text)
    _printf_pre_padding                      0x0800f70f   Thumb Code    44  _printf_pad.o(.text)
    _printf_post_padding                     0x0800f73b   Thumb Code    34  _printf_pad.o(.text)
    _printf_truncate_signed                  0x0800f75d   Thumb Code    18  _printf_truncate.o(.text)
    _printf_truncate_unsigned                0x0800f76f   Thumb Code    18  _printf_truncate.o(.text)
    _printf_int_common                       0x0800f781   Thumb Code   178  _printf_intcommon.o(.text)
    _printf_charcount                        0x0800f833   Thumb Code    40  _printf_charcount.o(.text)
    __lib_sel_fp_printf                      0x0800f85b   Thumb Code     2  _printf_fp_dec.o(.text)
    _printf_fp_dec_real                      0x0800fa09   Thumb Code   620  _printf_fp_dec.o(.text)
    _printf_char_common                      0x0800fc7f   Thumb Code    32  _printf_char_common.o(.text)
    _sputc                                   0x0800fca5   Thumb Code    10  _sputc.o(.text)
    _printf_cs_common                        0x0800fcaf   Thumb Code    20  _printf_char.o(.text)
    _printf_char                             0x0800fcc3   Thumb Code    16  _printf_char.o(.text)
    _printf_string                           0x0800fcd3   Thumb Code     8  _printf_char.o(.text)
    _printf_char_file                        0x0800fcdd   Thumb Code    32  _printf_char_file.o(.text)
    _printf_wctomb                           0x0800fd01   Thumb Code   182  _printf_wctomb.o(.text)
    _printf_longlong_dec                     0x0800fdbd   Thumb Code   108  _printf_longlong_dec.o(.text)
    _printf_longlong_oct                     0x0800fe39   Thumb Code    68  _printf_oct_int_ll.o(.text)
    _printf_int_oct                          0x0800fe7d   Thumb Code    24  _printf_oct_int_ll.o(.text)
    _printf_ll_oct                           0x0800fe95   Thumb Code    12  _printf_oct_int_ll.o(.text)
    __rt_locale                              0x0800fea9   Thumb Code     8  rt_locale_intlibspace.o(.text)
    __aeabi_errno_addr                       0x0800feb1   Thumb Code     8  rt_errno_addr_intlibspace.o(.text)
    __errno$intlibspace                      0x0800feb1   Thumb Code     0  rt_errno_addr_intlibspace.o(.text)
    __rt_errno_addr$intlibspace              0x0800feb1   Thumb Code     0  rt_errno_addr_intlibspace.o(.text)
    _ll_udiv10                               0x0800feb9   Thumb Code   138  lludiv10.o(.text)
    _printf_fp_infnan                        0x0800ff45   Thumb Code   112  _printf_fp_infnan.o(.text)
    _printf_lcs_common                       0x0800ffc5   Thumb Code    20  _printf_wchar.o(.text)
    _printf_wchar                            0x0800ffd9   Thumb Code    16  _printf_wchar.o(.text)
    _printf_wstring                          0x0800ffe9   Thumb Code     8  _printf_wchar.o(.text)
    _btod_etento                             0x0800fff1   Thumb Code   216  bigflt0.o(.text)
    ferror                                   0x080100cd   Thumb Code     8  ferror.o(.text)
    _wcrtomb                                 0x080100d5   Thumb Code    64  _wcrtomb.o(.text)
    __user_libspace                          0x08010115   Thumb Code     8  libspace.o(.text)
    __user_perproc_libspace                  0x08010115   Thumb Code     0  libspace.o(.text)
    __user_perthread_libspace                0x08010115   Thumb Code     0  libspace.o(.text)
    __user_setup_stackheap                   0x0801011d   Thumb Code    74  sys_stackheap_outer.o(.text)
    __rt_ctype_table                         0x08010169   Thumb Code    16  rt_ctype_table.o(.text)
    exit                                     0x08010179   Thumb Code    18  exit.o(.text)
    _btod_d2e                                0x0801018b   Thumb Code    62  btod.o(CL$$btod_d2e)
    _d2e_denorm_low                          0x080101c9   Thumb Code    70  btod.o(CL$$btod_d2e_denorm_low)
    _d2e_norm_op1                            0x0801020f   Thumb Code    96  btod.o(CL$$btod_d2e_norm_op1)
    __btod_div_common                        0x0801026f   Thumb Code   696  btod.o(CL$$btod_div_common)
    _e2e                                     0x080105a7   Thumb Code   198  btod.o(CL$$btod_e2e)
    _btod_ediv                               0x0801066d   Thumb Code    40  btod.o(CL$$btod_ediv)
    _btod_emul                               0x08010695   Thumb Code    40  btod.o(CL$$btod_emul)
    __btod_mult_common                       0x080106bd   Thumb Code   580  btod.o(CL$$btod_mult_common)
    __ARM_fpclassify                         0x08010901   Thumb Code    48  fpclassify.o(i.__ARM_fpclassify)
    __hardfp_sin                             0x08010931   Thumb Code   180  sin.o(i.__hardfp_sin)
    __hardfp_sqrt                            0x080109f9   Thumb Code   122  sqrt.o(i.__hardfp_sqrt)
    __ieee754_rem_pio2                       0x08010a79   Thumb Code   938  rred.o(i.__ieee754_rem_pio2)
    __kernel_cos                             0x08010eb1   Thumb Code   322  cos_i.o(i.__kernel_cos)
    __kernel_poly                            0x08011021   Thumb Code   248  poly.o(i.__kernel_poly)
    __kernel_sin                             0x08011119   Thumb Code   280  sin_i.o(i.__kernel_sin)
    __mathlib_dbl_infnan                     0x08011249   Thumb Code    20  dunder.o(i.__mathlib_dbl_infnan)
    __mathlib_dbl_invalid                    0x08011261   Thumb Code    24  dunder.o(i.__mathlib_dbl_invalid)
    __mathlib_dbl_underflow                  0x08011281   Thumb Code    24  dunder.o(i.__mathlib_dbl_underflow)
    _is_digit                                0x080112a1   Thumb Code    14  __printf_wp.o(i._is_digit)
    fabs                                     0x080112af   Thumb Code    24  fabs.o(i.fabs)
    _get_lc_numeric                          0x080112c9   Thumb Code    44  lc_numeric_c.o(locale$$code)
    _get_lc_ctype                            0x080112f5   Thumb Code    44  lc_ctype_c.o(locale$$code)
    __aeabi_dneg                             0x08011321   Thumb Code     0  basic.o(x$fpl$basic)
    _dneg                                    0x08011321   Thumb Code     6  basic.o(x$fpl$basic)
    __aeabi_fneg                             0x08011327   Thumb Code     0  basic.o(x$fpl$basic)
    _fneg                                    0x08011327   Thumb Code     6  basic.o(x$fpl$basic)
    _dabs                                    0x0801132d   Thumb Code     6  basic.o(x$fpl$basic)
    _fabs                                    0x08011333   Thumb Code     6  basic.o(x$fpl$basic)
    __aeabi_d2f                              0x08011339   Thumb Code     0  d2f.o(x$fpl$d2f)
    _d2f                                     0x08011339   Thumb Code    98  d2f.o(x$fpl$d2f)
    __aeabi_dadd                             0x0801139d   Thumb Code     0  daddsub_clz.o(x$fpl$dadd)
    _dadd                                    0x0801139d   Thumb Code   332  daddsub_clz.o(x$fpl$dadd)
    __aeabi_ddiv                             0x080114ed   Thumb Code     0  ddiv.o(x$fpl$ddiv)
    _ddiv                                    0x080114ed   Thumb Code   552  ddiv.o(x$fpl$ddiv)
    __aeabi_d2iz                             0x0801179d   Thumb Code     0  dfix.o(x$fpl$dfix)
    _dfix                                    0x0801179d   Thumb Code    94  dfix.o(x$fpl$dfix)
    __aeabi_i2d                              0x080117fb   Thumb Code     0  dflt_clz.o(x$fpl$dflt)
    _dflt                                    0x080117fb   Thumb Code    46  dflt_clz.o(x$fpl$dflt)
    __aeabi_ui2d                             0x08011829   Thumb Code     0  dflt_clz.o(x$fpl$dfltu)
    _dfltu                                   0x08011829   Thumb Code    38  dflt_clz.o(x$fpl$dfltu)
    __aeabi_dmul                             0x08011851   Thumb Code     0  dmul.o(x$fpl$dmul)
    _dmul                                    0x08011851   Thumb Code   332  dmul.o(x$fpl$dmul)
    __fpl_dnaninf                            0x080119a5   Thumb Code   156  dnaninf.o(x$fpl$dnaninf)
    __fpl_dretinf                            0x08011a41   Thumb Code    12  dretinf.o(x$fpl$dretinf)
    __aeabi_drsub                            0x08011a4d   Thumb Code     0  daddsub_clz.o(x$fpl$drsb)
    _drsb                                    0x08011a4d   Thumb Code    22  daddsub_clz.o(x$fpl$drsb)
    _dsqrt                                   0x08011a65   Thumb Code   404  dsqrt_umaal.o(x$fpl$dsqrt)
    __aeabi_dsub                             0x08011bfd   Thumb Code     0  daddsub_clz.o(x$fpl$dsub)
    _dsub                                    0x08011bfd   Thumb Code   464  daddsub_clz.o(x$fpl$dsub)
    __aeabi_f2d                              0x08011dd1   Thumb Code     0  f2d.o(x$fpl$f2d)
    _f2d                                     0x08011dd1   Thumb Code    86  f2d.o(x$fpl$f2d)
    __fpl_fnaninf                            0x08011e27   Thumb Code   140  fnaninf.o(x$fpl$fnaninf)
    _fp_init                                 0x08011eb3   Thumb Code    10  fpinit.o(x$fpl$fpinit)
    __fplib_config_fpu_vfp                   0x08011ebb   Thumb Code     0  fpinit.o(x$fpl$fpinit)
    __fplib_config_pureend_doubles           0x08011ebb   Thumb Code     0  fpinit.o(x$fpl$fpinit)
    __fpl_fretinf                            0x08011ebd   Thumb Code    10  fretinf.o(x$fpl$fretinf)
    _printf_fp_dec                           0x08011ec7   Thumb Code     4  printf1.o(x$fpl$printf1)
    __I$use$fp                               0x08011eca   Number         0  usenofp.o(x$fpl$usenofp)
    asc2_1206                                0x08011eca   Data        1140  oled.o(.constdata)
    asc2_1608                                0x0801233e   Data        1520  oled.o(.constdata)
    asc2_2412                                0x0801292e   Data        3420  oled.o(.constdata)
    i2splaybuf                               0x0801368a   Data           4  i2s.o(.constdata)
    I2S_PSC_TBL                              0x0801368e   Data         110  i2s.o(.constdata)
    Region$$Table$$Base                      0x08013e34   Number         0  anon$$obj.o(Region$$Table)
    Region$$Table$$Limit                     0x08013e54   Number         0  anon$$obj.o(Region$$Table)
    __ctype                                  0x08013e7d   Data           0  lc_ctype_c.o(locale$$data)
    nAsrStatus                               0x20000000   Data           1  main.o(.data)
    sys_check                                0x20000001   Data           2  main.o(.data)
    nAsrRes                                  0x20000003   Data           1  main.o(.data)
    value                                    0x20000004   Data           4  main.o(.data)
    value_1                                  0x20000008   Data           4  main.o(.data)
    SystemCoreClock                          0x2000000c   Data           4  system_stm32f4xx.o(.data)
    AHBPrescTable                            0x20000010   Data          16  system_stm32f4xx.o(.data)
    nLD_Mode                                 0x20000020   Data           1  ld3320.o(.data)
    ucRegVal                                 0x20000021   Data           1  ld3320.o(.data)
    ucHighInt                                0x20000022   Data           1  ld3320.o(.data)
    ucLowInt                                 0x20000023   Data           1  ld3320.o(.data)
    bMp3Play                                 0x20000024   Data           1  ld3320.o(.data)
    nMp3Size                                 0x20000028   Data           4  ld3320.o(.data)
    nMp3Pos                                  0x2000002c   Data           4  ld3320.o(.data)
    ucSPVol                                  0x20000030   Data           1  ld3320.o(.data)
    fpPoint                                  0x20000034   Data           4  ld3320.o(.data)
    SD_Type                                  0x20000038   Data           1  mmc_sd.o(.data)
    i2srecbuf1                               0x2000003c   Data           4  i2s.o(.data)
    i2srecbuf2                               0x20000040   Data           4  i2s.o(.data)
    i2s_tx_callback                          0x20000044   Data           4  i2s.o(.data)
    i2s_rx_callback                          0x20000048   Data           4  i2s.o(.data)
    Fileter_Num                              0x20000050   Data           4  timer.o(.data)
    L_result                                 0x20000058   Data           8  timer.o(.data)
    R_voice_calue                            0x20000060   Data           4  timer.o(.data)
    PC_dis                                   0x20000068   Data           8  timer.o(.data)
    count                                    0x20000070   Data           4  timer.o(.data)
    tmp                                      0x20000074   Data           4  timer.o(.data)
    FREE                                     0x20000078   Data           4  timer.o(.data)
    value_                                   0x2000007c   Data           4  timer.o(.data)
    __stdout                                 0x20000084   Data           4  usart.o(.data)
    USART_RX_STA                             0x20000088   Data           2  usart.o(.data)
    Usart2_RxCompleted                       0x2000008a   Data           1  usart.o(.data)
    Usart2_RxCounter                         0x2000008c   Data           4  usart.o(.data)
    wifi_mode                                0x20000090   Data           1  wifi.o(.data)
    MQTT_RxDataInPtr                         0x20000094   Data           4  mqtt.o(.data)
    MQTT_RxDataOutPtr                        0x20000098   Data           4  mqtt.o(.data)
    MQTT_RxDataEndPtr                        0x2000009c   Data           4  mqtt.o(.data)
    MQTT_TxDataInPtr                         0x200000a0   Data           4  mqtt.o(.data)
    MQTT_TxDataOutPtr                        0x200000a4   Data           4  mqtt.o(.data)
    MQTT_TxDataEndPtr                        0x200000a8   Data           4  mqtt.o(.data)
    MQTT_CMDInPtr                            0x200000ac   Data           4  mqtt.o(.data)
    MQTT_CMDOutPtr                           0x200000b0   Data           4  mqtt.o(.data)
    MQTT_CMDEndPtr                           0x200000b4   Data           4  mqtt.o(.data)
    ClientID_len                             0x200000b8   Data           4  mqtt.o(.data)
    Username_len                             0x200000bc   Data           4  mqtt.o(.data)
    Passward_len                             0x200000c0   Data           4  mqtt.o(.data)
    ServerPort                               0x200000c4   Data           4  mqtt.o(.data)
    Fixed_len                                0x200000c8   Data           4  mqtt.o(.data)
    Variable_len                             0x200000cc   Data           4  mqtt.o(.data)
    Payload_len                              0x200000d0   Data           4  mqtt.o(.data)
    Ping_flag                                0x200000d4   Data           1  mqtt.o(.data)
    Connect_flag                             0x200000d5   Data           1  mqtt.o(.data)
    ConnectPack_flag                         0x200000d6   Data           1  mqtt.o(.data)
    SubcribePack_flag                        0x200000d7   Data           1  mqtt.o(.data)
    TableFFT                                 0x200000d8   Data        4080  fft.o(.data)
    prt                                      0x200010c8   Data           1  fft.o(.data)
    display_num                              0x200010c9   Data           1  fft.o(.data)
    auto_display_flag                        0x200010ca   Data           1  fft.o(.data)
    FRE                                      0x200010cc   Data           4  fft.o(.data)
    base64char                               0x200010dc   Data           4  utils_hmac.o(.data)
    OLED_GRAM                                0x200010f0   Data        1024  oled.o(.bss)
    voice_calue                              0x20001718   Data         800  timer.o(.bss)
    USART_RX_BUF                             0x20001a38   Data         200  usart.o(.bss)
    Usart2_RxBuff                            0x20001b00   Data        1024  usart.o(.bss)
    USART2_TxBuff                            0x20001f00   Data        1024  usart.o(.bss)
    MQTT_RxDataBuf                           0x20002300   Data        4096  mqtt.o(.bss)
    MQTT_TxDataBuf                           0x20003300   Data        4096  mqtt.o(.bss)
    MQTT_CMDBuf                              0x20004300   Data        4096  mqtt.o(.bss)
    ClientID                                 0x20005300   Data         128  mqtt.o(.bss)
    Username                                 0x20005380   Data         128  mqtt.o(.bss)
    Passward                                 0x20005400   Data         128  mqtt.o(.bss)
    ServerIP                                 0x20005480   Data         128  mqtt.o(.bss)
    temp_buff                                0x20005500   Data         512  mqtt.o(.bss)
    lBufInArray                              0x20005700   Data        1024  fft.o(.bss)
    lBufOutArray                             0x20005b00   Data         512  fft.o(.bss)
    lBufMagArray                             0x20005d00   Data         512  fft.o(.bss)
    adc_buf                                  0x20005f00   Data        1024  fft.o(.bss)
    fall_pot                                 0x20006300   Data         128  fft.o(.bss)
    __libspace_start                         0x20006580   Data          96  libspace.o(.bss)
    __temporary_stack_top$libspace           0x200065e0   Data           0  libspace.o(.bss)



==============================================================================

Memory Map of the image

  Image Entry point : 0x08000189

  Load Region LR_IROM1 (Base: 0x08000000, Size: 0x00015070, Max: 0x00100000, ABSOLUTE, COMPRESSED[0x00014bb8])

    Execution Region ER_IROM1 (Base: 0x08000000, Size: 0x00013f80, Max: 0x00100000, ABSOLUTE)

    Base Addr    Size         Type   Attr      Idx    E Section Name        Object

    0x08000000   0x00000188   Data   RO         1435    RESET               startup_stm32f40_41xxx.o
    0x08000188   0x00000008   Code   RO         1527  * !!!main             c_w.l(__main.o)
    0x08000190   0x00000034   Code   RO         1899    !!!scatter          c_w.l(__scatter.o)
    0x080001c4   0x00000064   Code   RO         1897    !!dclz77c           c_w.l(__dclz77c.o)
    0x08000228   0x0000001c   Code   RO         1901    !!handler_zi        c_w.l(__scatter_zi.o)
    0x08000244   0x00000000   Code   RO         1506    .ARM.Collect$$_printf_percent$$00000000  c_w.l(_printf_percent.o)
    0x08000244   0x00000006   Code   RO         1615    .ARM.Collect$$_printf_percent$$00000001  c_w.l(_printf_n.o)
    0x0800024a   0x00000006   Code   RO         1616    .ARM.Collect$$_printf_percent$$00000002  c_w.l(_printf_p.o)
    0x08000250   0x00000006   Code   RO         1505    .ARM.Collect$$_printf_percent$$00000003  c_w.l(_printf_f.o)
    0x08000256   0x00000006   Code   RO         1620    .ARM.Collect$$_printf_percent$$00000004  c_w.l(_printf_e.o)
    0x0800025c   0x00000006   Code   RO         1621    .ARM.Collect$$_printf_percent$$00000005  c_w.l(_printf_g.o)
    0x08000262   0x00000006   Code   RO         1622    .ARM.Collect$$_printf_percent$$00000006  c_w.l(_printf_a.o)
    0x08000268   0x0000000a   Code   RO         1627    .ARM.Collect$$_printf_percent$$00000007  c_w.l(_printf_ll.o)
    0x08000272   0x00000006   Code   RO         1618    .ARM.Collect$$_printf_percent$$00000008  c_w.l(_printf_i.o)
    0x08000278   0x00000006   Code   RO         1504    .ARM.Collect$$_printf_percent$$00000009  c_w.l(_printf_d.o)
    0x0800027e   0x00000006   Code   RO         1619    .ARM.Collect$$_printf_percent$$0000000A  c_w.l(_printf_u.o)
    0x08000284   0x00000006   Code   RO         1617    .ARM.Collect$$_printf_percent$$0000000B  c_w.l(_printf_o.o)
    0x0800028a   0x00000006   Code   RO         1503    .ARM.Collect$$_printf_percent$$0000000C  c_w.l(_printf_x.o)
    0x08000290   0x00000006   Code   RO         1624    .ARM.Collect$$_printf_percent$$0000000D  c_w.l(_printf_lli.o)
    0x08000296   0x00000006   Code   RO         1625    .ARM.Collect$$_printf_percent$$0000000E  c_w.l(_printf_lld.o)
    0x0800029c   0x00000006   Code   RO         1626    .ARM.Collect$$_printf_percent$$0000000F  c_w.l(_printf_llu.o)
    0x080002a2   0x00000006   Code   RO         1631    .ARM.Collect$$_printf_percent$$00000010  c_w.l(_printf_llo.o)
    0x080002a8   0x00000006   Code   RO         1632    .ARM.Collect$$_printf_percent$$00000011  c_w.l(_printf_llx.o)
    0x080002ae   0x0000000a   Code   RO         1628    .ARM.Collect$$_printf_percent$$00000012  c_w.l(_printf_l.o)
    0x080002b8   0x00000006   Code   RO         1501    .ARM.Collect$$_printf_percent$$00000013  c_w.l(_printf_c.o)
    0x080002be   0x00000006   Code   RO         1502    .ARM.Collect$$_printf_percent$$00000014  c_w.l(_printf_s.o)
    0x080002c4   0x00000006   Code   RO         1629    .ARM.Collect$$_printf_percent$$00000015  c_w.l(_printf_lc.o)
    0x080002ca   0x00000006   Code   RO         1630    .ARM.Collect$$_printf_percent$$00000016  c_w.l(_printf_ls.o)
    0x080002d0   0x00000004   Code   RO         1623    .ARM.Collect$$_printf_percent$$00000017  c_w.l(_printf_percent_end.o)
    0x080002d4   0x00000002   Code   RO         1771    .ARM.Collect$$libinit$$00000000  c_w.l(libinit.o)
    0x080002d6   0x00000004   Code   RO         1772    .ARM.Collect$$libinit$$00000001  c_w.l(libinit2.o)
    0x080002da   0x00000000   Code   RO         1775    .ARM.Collect$$libinit$$00000004  c_w.l(libinit2.o)
    0x080002da   0x00000000   Code   RO         1778    .ARM.Collect$$libinit$$0000000A  c_w.l(libinit2.o)
    0x080002da   0x00000000   Code   RO         1780    .ARM.Collect$$libinit$$0000000C  c_w.l(libinit2.o)
    0x080002da   0x00000000   Code   RO         1782    .ARM.Collect$$libinit$$0000000E  c_w.l(libinit2.o)
    0x080002da   0x00000006   Code   RO         1783    .ARM.Collect$$libinit$$0000000F  c_w.l(libinit2.o)
    0x080002e0   0x00000000   Code   RO         1785    .ARM.Collect$$libinit$$00000011  c_w.l(libinit2.o)
    0x080002e0   0x0000000c   Code   RO         1786    .ARM.Collect$$libinit$$00000012  c_w.l(libinit2.o)
    0x080002ec   0x00000000   Code   RO         1787    .ARM.Collect$$libinit$$00000013  c_w.l(libinit2.o)
    0x080002ec   0x00000000   Code   RO         1789    .ARM.Collect$$libinit$$00000015  c_w.l(libinit2.o)
    0x080002ec   0x0000000a   Code   RO         1790    .ARM.Collect$$libinit$$00000016  c_w.l(libinit2.o)
    0x080002f6   0x00000000   Code   RO         1791    .ARM.Collect$$libinit$$00000017  c_w.l(libinit2.o)
    0x080002f6   0x00000000   Code   RO         1793    .ARM.Collect$$libinit$$00000019  c_w.l(libinit2.o)
    0x080002f6   0x00000000   Code   RO         1795    .ARM.Collect$$libinit$$0000001B  c_w.l(libinit2.o)
    0x080002f6   0x00000000   Code   RO         1797    .ARM.Collect$$libinit$$0000001D  c_w.l(libinit2.o)
    0x080002f6   0x00000000   Code   RO         1799    .ARM.Collect$$libinit$$0000001F  c_w.l(libinit2.o)
    0x080002f6   0x00000000   Code   RO         1801    .ARM.Collect$$libinit$$00000021  c_w.l(libinit2.o)
    0x080002f6   0x00000000   Code   RO         1803    .ARM.Collect$$libinit$$00000023  c_w.l(libinit2.o)
    0x080002f6   0x00000000   Code   RO         1805    .ARM.Collect$$libinit$$00000025  c_w.l(libinit2.o)
    0x080002f6   0x00000000   Code   RO         1809    .ARM.Collect$$libinit$$0000002C  c_w.l(libinit2.o)
    0x080002f6   0x00000000   Code   RO         1811    .ARM.Collect$$libinit$$0000002E  c_w.l(libinit2.o)
    0x080002f6   0x00000000   Code   RO         1813    .ARM.Collect$$libinit$$00000030  c_w.l(libinit2.o)
    0x080002f6   0x00000000   Code   RO         1815    .ARM.Collect$$libinit$$00000032  c_w.l(libinit2.o)
    0x080002f6   0x00000002   Code   RO         1816    .ARM.Collect$$libinit$$00000033  c_w.l(libinit2.o)
    0x080002f8   0x00000002   Code   RO         1847    .ARM.Collect$$libshutdown$$00000000  c_w.l(libshutdown.o)
    0x080002fa   0x00000000   Code   RO         1856    .ARM.Collect$$libshutdown$$00000002  c_w.l(libshutdown2.o)
    0x080002fa   0x00000000   Code   RO         1858    .ARM.Collect$$libshutdown$$00000004  c_w.l(libshutdown2.o)
    0x080002fa   0x00000000   Code   RO         1861    .ARM.Collect$$libshutdown$$00000007  c_w.l(libshutdown2.o)
    0x080002fa   0x00000000   Code   RO         1864    .ARM.Collect$$libshutdown$$0000000A  c_w.l(libshutdown2.o)
    0x080002fa   0x00000000   Code   RO         1866    .ARM.Collect$$libshutdown$$0000000C  c_w.l(libshutdown2.o)
    0x080002fa   0x00000000   Code   RO         1869    .ARM.Collect$$libshutdown$$0000000F  c_w.l(libshutdown2.o)
    0x080002fa   0x00000002   Code   RO         1870    .ARM.Collect$$libshutdown$$00000010  c_w.l(libshutdown2.o)
    0x080002fc   0x00000000   Code   RO         1583    .ARM.Collect$$rtentry$$00000000  c_w.l(__rtentry.o)
    0x080002fc   0x00000000   Code   RO         1677    .ARM.Collect$$rtentry$$00000002  c_w.l(__rtentry2.o)
    0x080002fc   0x00000006   Code   RO         1689    .ARM.Collect$$rtentry$$00000004  c_w.l(__rtentry4.o)
    0x08000302   0x00000000   Code   RO         1679    .ARM.Collect$$rtentry$$00000009  c_w.l(__rtentry2.o)
    0x08000302   0x00000004   Code   RO         1680    .ARM.Collect$$rtentry$$0000000A  c_w.l(__rtentry2.o)
    0x08000306   0x00000000   Code   RO         1682    .ARM.Collect$$rtentry$$0000000C  c_w.l(__rtentry2.o)
    0x08000306   0x00000008   Code   RO         1683    .ARM.Collect$$rtentry$$0000000D  c_w.l(__rtentry2.o)
    0x0800030e   0x00000002   Code   RO         1817    .ARM.Collect$$rtexit$$00000000  c_w.l(rtexit.o)
    0x08000310   0x00000000   Code   RO         1827    .ARM.Collect$$rtexit$$00000002  c_w.l(rtexit2.o)
    0x08000310   0x00000004   Code   RO         1828    .ARM.Collect$$rtexit$$00000003  c_w.l(rtexit2.o)
    0x08000314   0x00000006   Code   RO         1829    .ARM.Collect$$rtexit$$00000004  c_w.l(rtexit2.o)
    0x0800031a   0x00000002   PAD
    0x0800031c   0x0000077c   Code   RO            4    .text               main.o
    0x08000a98   0x000001a0   Code   RO          240    .text               stm32f4xx_it.o
    0x08000c38   0x00000210   Code   RO          300    .text               system_stm32f4xx.o
    0x08000e48   0x00000060   Code   RO          330    .text               led.o
    0x08000ea8   0x0000052c   Code   RO          358    .text               oled.o
    0x080013d4   0x00000ef8   Code   RO          389    .text               ld3320.o
    0x080022cc   0x00000a18   Code   RO          440    .text               mmc_sd.o
    0x08002ce4   0x00000078   Code   RO          470    .text               spi.o
    0x08002d5c   0x000003b8   Code   RO          500    .text               i2s.o
    0x08003114   0x0000055c   Code   RO          531    .text               timer.o
    0x08003670   0x00000104   Code   RO          576    .text               delay.o
    0x08003774   0x00000298   Code   RO          624    .text               usart.o
    0x08003a0c   0x00000688   Code   RO          662    .text               wifi.o
    0x08004094   0x000008d4   Code   RO          699    .text               mqtt.o
    0x08004968   0x000005de   Code   RO          731    .text               cr4_fft_256_stm32.o
    0x08004f46   0x00000002   PAD
    0x08004f48   0x00000474   Code   RO          740    .text               fft.o
    0x080053bc   0x0000003c   Code   RO          825    .text               mycc936.o
    0x080053f8   0x00000144   Code   RO          856    .text               diskio.o
    0x0800553c   0x00003032   Code   RO          880    .text               ff.o
    0x0800856e   0x00001d24   Code   RO          981    .text               gui_basic.o
    0x0800a292   0x000000a4   Code   RO         1015    .text               lcmdrv.o
    0x0800a336   0x00000002   PAD
    0x0800a338   0x000002dc   Code   RO         1161    .text               utils_hmac.o
    0x0800a614   0x00000b14   Code   RO         1187    .text               utils_md5.o
    0x0800b128   0x00001b2c   Code   RO         1201    .text               utils_sha1.o
    0x0800cc54   0x000000e0   Code   RO         1218    .text               misc.o
    0x0800cd34   0x00000294   Code   RO         1242    .text               stm32f4xx_gpio.o
    0x0800cfc8   0x0000065c   Code   RO         1266    .text               stm32f4xx_rcc.o
    0x0800d624   0x00000454   Code   RO         1292    .text               stm32f4xx_usart.o
    0x0800da78   0x00000094   Code   RO         1316    .text               stm32f4xx_syscfg.o
    0x0800db0c   0x00000110   Code   RO         1340    .text               stm32f4xx_exti.o
    0x0800dc1c   0x00000480   Code   RO         1364    .text               stm32f4xx_spi.o
    0x0800e09c   0x000003a8   Code   RO         1388    .text               stm32f4xx_dma.o
    0x0800e444   0x00000ca2   Code   RO         1412    .text               stm32f4xx_tim.o
    0x0800f0e6   0x00000002   PAD
    0x0800f0e8   0x00000040   Code   RO         1436    .text               startup_stm32f40_41xxx.o
    0x0800f128   0x00000002   Code   RO         1442    .text               c_w.l(use_no_semi_2.o)
    0x0800f12a   0x00000002   PAD
    0x0800f12c   0x00000024   Code   RO         1444    .text               c_w.l(c89vsprintf.o)
    0x0800f150   0x00000018   Code   RO         1446    .text               c_w.l(__2printf.o)
    0x0800f168   0x0000002c   Code   RO         1448    .text               c_w.l(__2sprintf.o)
    0x0800f194   0x00000052   Code   RO         1456    .text               c_w.l(_printf_str.o)
    0x0800f1e6   0x00000002   PAD
    0x0800f1e8   0x00000078   Code   RO         1458    .text               c_w.l(_printf_dec.o)
    0x0800f260   0x00000094   Code   RO         1478    .text               c_w.l(_printf_hex_int_ll_ptr.o)
    0x0800f2f4   0x00000188   Code   RO         1498    .text               c_w.l(__printf_flags_ss_wp.o)
    0x0800f47c   0x00000024   Code   RO         1507    .text               c_w.l(strstr.o)
    0x0800f4a0   0x0000003e   Code   RO         1511    .text               c_w.l(strlen.o)
    0x0800f4de   0x0000008a   Code   RO         1513    .text               c_w.l(rt_memcpy_v6.o)
    0x0800f568   0x00000064   Code   RO         1515    .text               c_w.l(rt_memcpy_w.o)
    0x0800f5cc   0x00000010   Code   RO         1517    .text               c_w.l(aeabi_memset.o)
    0x0800f5dc   0x00000044   Code   RO         1519    .text               c_w.l(rt_memclr.o)
    0x0800f620   0x0000004e   Code   RO         1521    .text               c_w.l(rt_memclr_w.o)
    0x0800f66e   0x00000002   PAD
    0x0800f670   0x00000080   Code   RO         1523    .text               c_w.l(strcmpv7m.o)
    0x0800f6f0   0x00000006   Code   RO         1525    .text               c_w.l(heapauxi.o)
    0x0800f6f6   0x00000002   Code   RO         1581    .text               c_w.l(use_no_semi.o)
    0x0800f6f8   0x00000016   Code   RO         1584    .text               c_w.l(_rserrno.o)
    0x0800f70e   0x0000004e   Code   RO         1586    .text               c_w.l(_printf_pad.o)
    0x0800f75c   0x00000024   Code   RO         1588    .text               c_w.l(_printf_truncate.o)
    0x0800f780   0x000000b2   Code   RO         1590    .text               c_w.l(_printf_intcommon.o)
    0x0800f832   0x00000028   Code   RO         1592    .text               c_w.l(_printf_charcount.o)
    0x0800f85a   0x0000041a   Code   RO         1594    .text               c_w.l(_printf_fp_dec.o)
    0x0800fc74   0x00000030   Code   RO         1596    .text               c_w.l(_printf_char_common.o)
    0x0800fca4   0x0000000a   Code   RO         1598    .text               c_w.l(_sputc.o)
    0x0800fcae   0x0000002c   Code   RO         1600    .text               c_w.l(_printf_char.o)
    0x0800fcda   0x00000002   PAD
    0x0800fcdc   0x00000024   Code   RO         1602    .text               c_w.l(_printf_char_file.o)
    0x0800fd00   0x000000bc   Code   RO         1604    .text               c_w.l(_printf_wctomb.o)
    0x0800fdbc   0x0000007c   Code   RO         1607    .text               c_w.l(_printf_longlong_dec.o)
    0x0800fe38   0x00000070   Code   RO         1613    .text               c_w.l(_printf_oct_int_ll.o)
    0x0800fea8   0x00000008   Code   RO         1694    .text               c_w.l(rt_locale_intlibspace.o)
    0x0800feb0   0x00000008   Code   RO         1699    .text               c_w.l(rt_errno_addr_intlibspace.o)
    0x0800feb8   0x0000008a   Code   RO         1701    .text               c_w.l(lludiv10.o)
    0x0800ff42   0x00000002   PAD
    0x0800ff44   0x00000080   Code   RO         1703    .text               c_w.l(_printf_fp_infnan.o)
    0x0800ffc4   0x0000002c   Code   RO         1707    .text               c_w.l(_printf_wchar.o)
    0x0800fff0   0x000000dc   Code   RO         1709    .text               c_w.l(bigflt0.o)
    0x080100cc   0x00000008   Code   RO         1734    .text               c_w.l(ferror.o)
    0x080100d4   0x00000040   Code   RO         1738    .text               c_w.l(_wcrtomb.o)
    0x08010114   0x00000008   Code   RO         1757    .text               c_w.l(libspace.o)
    0x0801011c   0x0000004a   Code   RO         1760    .text               c_w.l(sys_stackheap_outer.o)
    0x08010166   0x00000002   PAD
    0x08010168   0x00000010   Code   RO         1762    .text               c_w.l(rt_ctype_table.o)
    0x08010178   0x00000012   Code   RO         1764    .text               c_w.l(exit.o)
    0x0801018a   0x0000003e   Code   RO         1712    CL$$btod_d2e        c_w.l(btod.o)
    0x080101c8   0x00000046   Code   RO         1714    CL$$btod_d2e_denorm_low  c_w.l(btod.o)
    0x0801020e   0x00000060   Code   RO         1713    CL$$btod_d2e_norm_op1  c_w.l(btod.o)
    0x0801026e   0x00000338   Code   RO         1722    CL$$btod_div_common  c_w.l(btod.o)
    0x080105a6   0x000000c6   Code   RO         1719    CL$$btod_e2e        c_w.l(btod.o)
    0x0801066c   0x00000028   Code   RO         1716    CL$$btod_ediv       c_w.l(btod.o)
    0x08010694   0x00000028   Code   RO         1715    CL$$btod_emul       c_w.l(btod.o)
    0x080106bc   0x00000244   Code   RO         1721    CL$$btod_mult_common  c_w.l(btod.o)
    0x08010900   0x00000030   Code   RO         1753    i.__ARM_fpclassify  m_wm.l(fpclassify.o)
    0x08010930   0x000000c8   Code   RO         1557    i.__hardfp_sin      m_wm.l(sin.o)
    0x080109f8   0x0000007a   Code   RO         1569    i.__hardfp_sqrt     m_wm.l(sqrt.o)
    0x08010a72   0x00000006   PAD
    0x08010a78   0x00000438   Code   RO         1665    i.__ieee754_rem_pio2  m_wm.l(rred.o)
    0x08010eb0   0x00000170   Code   RO         1648    i.__kernel_cos      m_wm.l(cos_i.o)
    0x08011020   0x000000f8   Code   RO         1755    i.__kernel_poly     m_wm.l(poly.o)
    0x08011118   0x00000130   Code   RO         1670    i.__kernel_sin      m_wm.l(sin_i.o)
    0x08011248   0x00000014   Code   RO         1652    i.__mathlib_dbl_infnan  m_wm.l(dunder.o)
    0x0801125c   0x00000004   PAD
    0x08011260   0x00000020   Code   RO         1654    i.__mathlib_dbl_invalid  m_wm.l(dunder.o)
    0x08011280   0x00000020   Code   RO         1657    i.__mathlib_dbl_underflow  m_wm.l(dunder.o)
    0x080112a0   0x0000000e   Code   RO         1491    i._is_digit         c_w.l(__printf_wp.o)
    0x080112ae   0x00000018   Code   RO         1749    i.fabs              m_wm.l(fabs.o)
    0x080112c6   0x00000002   PAD
    0x080112c8   0x0000002c   Code   RO         1741    locale$$code        c_w.l(lc_numeric_c.o)
    0x080112f4   0x0000002c   Code   RO         1820    locale$$code        c_w.l(lc_ctype_c.o)
    0x08011320   0x00000018   Code   RO         1633    x$fpl$basic         fz_wm.l(basic.o)
    0x08011338   0x00000062   Code   RO         1529    x$fpl$d2f           fz_wm.l(d2f.o)
    0x0801139a   0x00000002   PAD
    0x0801139c   0x00000150   Code   RO         1531    x$fpl$dadd          fz_wm.l(daddsub_clz.o)
    0x080114ec   0x000002b0   Code   RO         1538    x$fpl$ddiv          fz_wm.l(ddiv.o)
    0x0801179c   0x0000005e   Code   RO         1541    x$fpl$dfix          fz_wm.l(dfix.o)
    0x080117fa   0x0000002e   Code   RO         1546    x$fpl$dflt          fz_wm.l(dflt_clz.o)
    0x08011828   0x00000026   Code   RO         1545    x$fpl$dfltu         fz_wm.l(dflt_clz.o)
    0x0801184e   0x00000002   PAD
    0x08011850   0x00000154   Code   RO         1551    x$fpl$dmul          fz_wm.l(dmul.o)
    0x080119a4   0x0000009c   Code   RO         1637    x$fpl$dnaninf       fz_wm.l(dnaninf.o)
    0x08011a40   0x0000000c   Code   RO         1639    x$fpl$dretinf       fz_wm.l(dretinf.o)
    0x08011a4c   0x00000016   Code   RO         1532    x$fpl$drsb          fz_wm.l(daddsub_clz.o)
    0x08011a62   0x00000002   PAD
    0x08011a64   0x00000198   Code   RO         1641    x$fpl$dsqrt         fz_wm.l(dsqrt_umaal.o)
    0x08011bfc   0x000001d4   Code   RO         1533    x$fpl$dsub          fz_wm.l(daddsub_clz.o)
    0x08011dd0   0x00000056   Code   RO         1553    x$fpl$f2d           fz_wm.l(f2d.o)
    0x08011e26   0x0000008c   Code   RO         1643    x$fpl$fnaninf       fz_wm.l(fnaninf.o)
    0x08011eb2   0x0000000a   Code   RO         1824    x$fpl$fpinit        fz_wm.l(fpinit.o)
    0x08011ebc   0x0000000a   Code   RO         1645    x$fpl$fretinf       fz_wm.l(fretinf.o)
    0x08011ec6   0x00000004   Code   RO         1555    x$fpl$printf1       fz_wm.l(printf1.o)
    0x08011eca   0x00000000   Code   RO         1647    x$fpl$usenofp       fz_wm.l(usenofp.o)
    0x08011eca   0x000017c0   Data   RO          360    .constdata          oled.o
    0x0801368a   0x00000072   Data   RO          501    .constdata          i2s.o
    0x080136fc   0x000003c0   Data   RO          826    .constdata          mycc936.o
    0x08013abc   0x0000003a   Data   RO          882    .constdata          ff.o
    0x08013af6   0x00000040   Data   RO         1188    .constdata          utils_md5.o
    0x08013b36   0x00000040   Data   RO         1202    .constdata          utils_sha1.o
    0x08013b76   0x00000028   Data   RO         1479    .constdata          c_w.l(_printf_hex_int_ll_ptr.o)
    0x08013b9e   0x00000011   Data   RO         1499    .constdata          c_w.l(__printf_flags_ss_wp.o)
    0x08013baf   0x00000001   PAD
    0x08013bb0   0x00000008   Data   RO         1605    .constdata          c_w.l(_printf_wctomb.o)
    0x08013bb8   0x00000030   Data   RO         1649    .constdata          m_wm.l(cos_i.o)
    0x08013be8   0x000000c8   Data   RO         1667    .constdata          m_wm.l(rred.o)
    0x08013cb0   0x00000028   Data   RO         1671    .constdata          m_wm.l(sin_i.o)
    0x08013cd8   0x00000094   Data   RO         1710    .constdata          c_w.l(bigflt0.o)
    0x08013d6c   0x00000083   Data   RO            5    .conststring        main.o
    0x08013def   0x00000001   PAD
    0x08013df0   0x00000041   Data   RO         1162    .conststring        utils_hmac.o
    0x08013e31   0x00000003   PAD
    0x08013e34   0x00000020   Data   RO         1895    Region$$Table       anon$$obj.o
    0x08013e54   0x0000001c   Data   RO         1740    locale$$data        c_w.l(lc_numeric_c.o)
    0x08013e70   0x00000110   Data   RO         1819    locale$$data        c_w.l(lc_ctype_c.o)


    Execution Region RW_IRAM1 (Base: 0x20000000, Size: 0x00006be0, Max: 0x00020000, ABSOLUTE, COMPRESSED[0x00000c38])

    Base Addr    Size         Type   Attr      Idx    E Section Name        Object

    0x20000000   0x0000000c   Data   RW            6    .data               main.o
    0x2000000c   0x00000014   Data   RW          301    .data               system_stm32f4xx.o
    0x20000020   0x00000018   Data   RW          391    .data               ld3320.o
    0x20000038   0x00000001   Data   RW          441    .data               mmc_sd.o
    0x20000039   0x00000003   PAD
    0x2000003c   0x00000010   Data   RW          502    .data               i2s.o
    0x2000004c   0x00000004   PAD
    0x20000050   0x00000030   Data   RW          533    .data               timer.o
    0x20000080   0x00000004   Data   RW          577    .data               delay.o
    0x20000084   0x0000000c   Data   RW          626    .data               usart.o
    0x20000090   0x00000001   Data   RW          663    .data               wifi.o
    0x20000091   0x00000003   PAD
    0x20000094   0x00000044   Data   RW          701    .data               mqtt.o
    0x200000d8   0x00000ff8   Data   RW          742    .data               fft.o
    0x200010d0   0x0000000b   Data   RW          883    .data               ff.o
    0x200010db   0x00000001   PAD
    0x200010dc   0x00000004   Data   RW         1163    .data               utils_hmac.o
    0x200010e0   0x00000010   Data   RW         1267    .data               stm32f4xx_rcc.o
    0x200010f0   0x00000400   Zero   RW          359    .bss                oled.o
    0x200014f0   0x00000228   Zero   RW          390    .bss                ld3320.o
    0x20001718   0x00000320   Zero   RW          532    .bss                timer.o
    0x20001a38   0x000008c8   Zero   RW          625    .bss                usart.o
    0x20002300   0x00003400   Zero   RW          700    .bss                mqtt.o
    0x20005700   0x00000c80   Zero   RW          741    .bss                fft.o
    0x20006380   0x00000200   Zero   RW          881    .bss                ff.o
    0x20006580   0x00000060   Zero   RW         1758    .bss                c_w.l(libspace.o)
    0x200065e0   0x00000200   Zero   RW         1434    HEAP                startup_stm32f40_41xxx.o
    0x200067e0   0x00000400   Zero   RW         1433    STACK               startup_stm32f40_41xxx.o


==============================================================================

Image component sizes


      Code (inc. data)   RO Data    RW Data    ZI Data      Debug   Object Name

         0          0          0          0          0       1064   convertcolor.o
      1502       1008          0          0          0        316   cr4_fft_256_stm32.o
       260          8          0          4          0       1485   delay.o
       324          6          0          0          0       3734   diskio.o
     12338        146         58         11        512      31575   ff.o
      1140         82          0       4088       3200       3506   fft.o
      7460          0          0          0          0      16658   gui_basic.o
       952         60        114         16          0       4467   i2s.o
       164          0          0          0          0       2467   lcmdrv.o
      3832        558          0         24        552      10616   ld3320.o
        96          8          0          0          0        547   led.o
      1916        774        131         12          0     309792   main.o
       224         20          0          0          0       1821   misc.o
      2584         30          0          1          0      10473   mmc_sd.o
      2260        514          0         68      13312       5492   mqtt.o
        60         10        960          0          0       3777   mycc936.o
      1324         56       6080          0       1024       5315   oled.o
       120          4          0          0          0       1061   spi.o
        64         26        392          0       1536        832   startup_stm32f40_41xxx.o
       936         32          0          0          0       6397   stm32f4xx_dma.o
       272         10          0          0          0       2291   stm32f4xx_exti.o
       660         44          0          0          0       4161   stm32f4xx_gpio.o
       416         50          0          0          0       2004   stm32f4xx_it.o
      1628         52          0         16          0      13040   stm32f4xx_rcc.o
      1152         36          0          0          0       6913   stm32f4xx_spi.o
       148         12          0          0          0       1845   stm32f4xx_syscfg.o
      3234         60          0          0          0      23020   stm32f4xx_tim.o
      1108         34          0          0          0       7888   stm32f4xx_usart.o
       528         46          0         20          0       1783   system_stm32f4xx.o
      1372         80          0         48        800       4777   timer.o
       664         28          0         12       2248       5110   usart.o
       732          6         65          4          0       4636   utils_hmac.o
      2836        266         64          0          0       5168   utils_md5.o
      6956         42         64          0          0       5515   utils_sha1.o
      1672        786          0          1          0       2940   wifi.o

    ----------------------------------------------------------------------
     60940       4896       7964       4336      23184     512486   Object Totals
         0          0         32          0          0          0   (incl. Generated)
         6          2          4         11          0          0   (incl. Padding)

    ----------------------------------------------------------------------

      Code (inc. data)   RO Data    RW Data    ZI Data      Debug   Library Member Name

        24          4          0          0          0         84   __2printf.o
        44          6          0          0          0         84   __2sprintf.o
       100          0          0          0          0          0   __dclz77c.o
         8          0          0          0          0         68   __main.o
       392          4         17          0          0         92   __printf_flags_ss_wp.o
        14          0          0          0          0         68   __printf_wp.o
         0          0          0          0          0          0   __rtentry.o
        12          0          0          0          0          0   __rtentry2.o
         6          0          0          0          0          0   __rtentry4.o
        52          8          0          0          0          0   __scatter.o
        28          0          0          0          0          0   __scatter_zi.o
         6          0          0          0          0          0   _printf_a.o
         6          0          0          0          0          0   _printf_c.o
        44          0          0          0          0        108   _printf_char.o
        48          6          0          0          0         96   _printf_char_common.o
        36          4          0          0          0         80   _printf_char_file.o
        40          0          0          0          0         68   _printf_charcount.o
         6          0          0          0          0          0   _printf_d.o
       120         16          0          0          0         92   _printf_dec.o
         6          0          0          0          0          0   _printf_e.o
         6          0          0          0          0          0   _printf_f.o
      1050          0          0          0          0        216   _printf_fp_dec.o
       128         16          0          0          0         84   _printf_fp_infnan.o
         6          0          0          0          0          0   _printf_g.o
       148          4         40          0          0        160   _printf_hex_int_ll_ptr.o
         6          0          0          0          0          0   _printf_i.o
       178          0          0          0          0         88   _printf_intcommon.o
        10          0          0          0          0          0   _printf_l.o
         6          0          0          0          0          0   _printf_lc.o
        10          0          0          0          0          0   _printf_ll.o
         6          0          0          0          0          0   _printf_lld.o
         6          0          0          0          0          0   _printf_lli.o
         6          0          0          0          0          0   _printf_llo.o
         6          0          0          0          0          0   _printf_llu.o
         6          0          0          0          0          0   _printf_llx.o
       124         16          0          0          0         92   _printf_longlong_dec.o
         6          0          0          0          0          0   _printf_ls.o
         6          0          0          0          0          0   _printf_n.o
         6          0          0          0          0          0   _printf_o.o
       112          8          0          0          0        124   _printf_oct_int_ll.o
         6          0          0          0          0          0   _printf_p.o
        78          0          0          0          0        108   _printf_pad.o
         0          0          0          0          0          0   _printf_percent.o
         4          0          0          0          0          0   _printf_percent_end.o
         6          0          0          0          0          0   _printf_s.o
        82          0          0          0          0         80   _printf_str.o
        36          0          0          0          0         84   _printf_truncate.o
         6          0          0          0          0          0   _printf_u.o
        44          0          0          0          0        108   _printf_wchar.o
       188          6          8          0          0         92   _printf_wctomb.o
         6          0          0          0          0          0   _printf_x.o
        22          0          0          0          0        100   _rserrno.o
        10          0          0          0          0         68   _sputc.o
        64          0          0          0          0         92   _wcrtomb.o
        16          0          0          0          0         68   aeabi_memset.o
       220          4        148          0          0         96   bigflt0.o
      1910        128          0          0          0        672   btod.o
        36          4          0          0          0         76   c89vsprintf.o
        18          0          0          0          0         80   exit.o
         8          0          0          0          0         68   ferror.o
         6          0          0          0          0        152   heapauxi.o
        44         10        272          0          0         76   lc_ctype_c.o
        44         10         28          0          0         76   lc_numeric_c.o
         2          0          0          0          0          0   libinit.o
        34          0          0          0          0          0   libinit2.o
         2          0          0          0          0          0   libshutdown.o
         2          0          0          0          0          0   libshutdown2.o
         8          4          0          0         96         68   libspace.o
       138          0          0          0          0         80   lludiv10.o
        16          4          0          0          0         76   rt_ctype_table.o
         8          4          0          0          0         68   rt_errno_addr_intlibspace.o
         8          4          0          0          0         68   rt_locale_intlibspace.o
        68          0          0          0          0         68   rt_memclr.o
        78          0          0          0          0         80   rt_memclr_w.o
       138          0          0          0          0         68   rt_memcpy_v6.o
       100          0          0          0          0         80   rt_memcpy_w.o
         2          0          0          0          0          0   rtexit.o
        10          0          0          0          0          0   rtexit2.o
       128          0          0          0          0         68   strcmpv7m.o
        62          0          0          0          0         76   strlen.o
        36          0          0          0          0         80   strstr.o
        74          0          0          0          0         80   sys_stackheap_outer.o
         2          0          0          0          0         68   use_no_semi.o
         2          0          0          0          0         68   use_no_semi_2.o
        24          0          0          0          0        164   basic.o
        98          4          0          0          0        140   d2f.o
       826         16          0          0          0        492   daddsub_clz.o
       688        140          0          0          0        256   ddiv.o
        94          4          0          0          0        140   dfix.o
        84          0          0          0          0        232   dflt_clz.o
       340         12          0          0          0        152   dmul.o
       156          4          0          0          0        140   dnaninf.o
        12          0          0          0          0        116   dretinf.o
       408         56          0          0          0        168   dsqrt_umaal.o
        86          4          0          0          0        132   f2d.o
       140          4          0          0          0        132   fnaninf.o
        10          0          0          0          0        116   fpinit.o
        10          0          0          0          0        116   fretinf.o
         4          0          0          0          0        116   printf1.o
         0          0          0          0          0          0   usenofp.o
       368         46         48          0          0        200   cos_i.o
        84         16          0          0          0        372   dunder.o
        24          0          0          0          0        124   fabs.o
        48          0          0          0          0        124   fpclassify.o
       248          0          0          0          0        152   poly.o
      1080        142        200          0          0        188   rred.o
       200         20          0          0          0        164   sin.o
       304         24         40          0          0        208   sin_i.o
       122          0          0          0          0        148   sqrt.o

    ----------------------------------------------------------------------
     12086        762        802          0         96       9088   Library Totals
        32          0          1          0          0          0   (incl. Padding)

    ----------------------------------------------------------------------

      Code (inc. data)   RO Data    RW Data    ZI Data      Debug   Library Name

      6596        270        513          0         96       4796   c_w.l
      2980        244          0          0          0       2612   fz_wm.l
      2478        248        288          0          0       1680   m_wm.l

    ----------------------------------------------------------------------
     12086        762        802          0         96       9088   Library Totals

    ----------------------------------------------------------------------

==============================================================================


      Code (inc. data)   RO Data    RW Data    ZI Data      Debug   

     73026       5658       8766       4336      23280     509270   Grand Totals
     73026       5658       8766       3128      23280     509270   ELF Image Totals (compressed)
     73026       5658       8766       3128          0          0   ROM Totals

==============================================================================

    Total RO  Size (Code + RO Data)                81792 (  79.88kB)
    Total RW  Size (RW Data + ZI Data)             27616 (  26.97kB)
    Total ROM Size (Code + RO Data + RW Data)      84920 (  82.93kB)

==============================================================================

